$ node --test test/eval/budget.test.js
# cwd: .
# exit: 0
TAP version 13
# Subtest: cap fires for real usage.log statuses PASS and FAIL
ok 1 - cap fires for real usage.log statuses PASS and FAIL
  ---
  duration_ms: 1.017238
  type: 'test'
  ...
# Subtest: INCOMPLETE counts; legacy COMPLETE still counts
ok 2 - INCOMPLETE counts; legacy COMPLETE still counts
  ---
  duration_ms: 0.203691
  type: 'test'
  ...
# Subtest: holdout, fallback, partial-set and NOT_RUN entries do not count
ok 3 - holdout, fallback, partial-set and NOT_RUN entries do not count
  ---
  duration_ms: 0.123075
  type: 'test'
  ...
# Subtest: below the cap is allowed; holdout and non-full checks are not blocked by the tune cap
ok 4 - below the cap is allowed; holdout and non-full checks are not blocked by the tune cap
  ---
  duration_ms: 1.068178
  type: 'test'
  ...
# Subtest: holdout cap logic is untouched
ok 5 - holdout cap logic is untouched
  ---
  duration_ms: 0.211585
  type: 'test'
  ...
1..5
# tests 5
# suites 0
# pass 5
# fail 0
# cancelled 0
# skipped 0
# todo 0
# duration_ms 77.979291
