$ node --disable-warning=ExperimentalWarning --test 'test/unit/db/**/*.test.js'
# cwd: .
# exit: 1
TAP version 13
# Subtest: fresh DB applies 001 and 002; second run is a no-op
ok 1 - fresh DB applies 001 and 002; second run is a no-op
  ---
  duration_ms: 5.504811
  type: 'test'
  ...
# Subtest: pragmas are applied
ok 2 - pragmas are applied
  ---
  duration_ms: 1.259026
  type: 'test'
  ...
# Subtest: edited applied migration aborts
ok 3 - edited applied migration aborts
  ---
  duration_ms: 1.344286
  type: 'test'
  ...
# Subtest: database newer than the files aborts
ok 4 - database newer than the files aborts
  ---
  duration_ms: 1.189852
  type: 'test'
  ...
# Subtest: failing migration rolls back and records nothing
ok 5 - failing migration rolls back and records nothing
  ---
  duration_ms: 1.996402
  type: 'test'
  ...
# Subtest: non-contiguous migration versions are refused
ok 6 - non-contiguous migration versions are refused
  ---
  duration_ms: 0.419456
  type: 'test'
  ...
# Subtest: persists across reopen on a file DB; created directory
ok 7 - persists across reopen on a file DB; created directory
  ---
  duration_ms: 2.336443
  type: 'test'
  ...
# Subtest: audit trigger blocks UPDATE and DELETE
ok 8 - audit trigger blocks UPDATE and DELETE
  ---
  duration_ms: 1.211821
  type: 'test'
  ...
# Subtest: CHECK constraints reject bad role, state, status, severity, outcome
ok 9 - CHECK constraints reject bad role, state, status, severity, outcome
  ---
  duration_ms: 1.88672
  type: 'test'
  ...
# Subtest: foreign keys are enforced
ok 10 - foreign keys are enforced
  ---
  duration_ms: 1.731651
  type: 'test'
  ...
# Subtest: username is unique case-insensitively
ok 11 - username is unique case-insensitively
  ---
  duration_ms: 1.505865
  type: 'test'
  ...
# Subtest: SQL metacharacters round-trip as data with parameters
ok 12 - SQL metacharacters round-trip as data with parameters
  ---
  duration_ms: 1.298072
  type: 'test'
  ...
# Subtest: tx commits, rolls back on throw, refuses async callbacks and nesting
ok 13 - tx commits, rolls back on throw, refuses async callbacks and nesting
  ---
  duration_ms: 1.469139
  type: 'test'
  ...
# Subtest: validator: types, required, additionalProperties, nested paths
ok 14 - validator: types, required, additionalProperties, nested paths
  ---
  duration_ms: 2.373574
  type: 'test'
  ...
# Subtest: validator: enum, pattern, type unions, NaN/Infinity rejected
ok 15 - validator: enum, pattern, type unions, NaN/Infinity rejected
  ---
  duration_ms: 0.299759
  type: 'test'
  ...
# Subtest: validator: caps errors at 20, does not mutate, __proto__ key is data
ok 16 - validator: caps errors at 20, does not mutate, __proto__ key is data
  ---
  duration_ms: 0.184909
  type: 'test'
  ...
# Subtest: compile rejects unknown keywords and bad types
ok 17 - compile rejects unknown keywords and bad types
  ---
  duration_ms: 0.507749
  type: 'test'
  ...
# Subtest: config defaults and validation
ok 18 - config defaults and validation
  ---
  duration_ms: 0.556275
  type: 'test'
  ...
# Subtest: contract: requests accept spec examples and reject extras
ok 19 - contract: requests accept spec examples and reject extras
  ---
  duration_ms: 0.359763
  type: 'test'
  ...
# Subtest: contract: responses and error envelope
ok 20 - contract: responses and error envelope
  ---
  duration_ms: 0.292079
  type: 'test'
  ...
# Subtest: contract: ERRORS table matches spec statuses
not ok 21 - contract: ERRORS table matches spec statuses
  ---
  duration_ms: 0.801895
  type: 'test'
  location: '/mnt/sbx/work/test/unit/db/schema.test.js:101:1'
  failureType: 'testCodeFailure'
  error: |-
    Expected values to be strictly equal:
    
    25 !== 24
    
  code: 'ERR_ASSERTION'
  name: 'AssertionError'
  expected: 24
  actual: 25
  operator: 'strictEqual'
  stack: |-
    TestContext.<anonymous> (file:///mnt/sbx/work/test/unit/db/schema.test.js:109:10)
    Test.runInAsyncScope (node:async_hooks:214:14)
    Test.run (node:internal/test_runner/test:1047:25)
    Test.processPendingSubtests (node:internal/test_runner/test:744:18)
    Test.postRun (node:internal/test_runner/test:1173:19)
    Test.run (node:internal/test_runner/test:1101:12)
    async Test.processPendingSubtests (node:internal/test_runner/test:744:7)
  ...
1..21
# tests 21
# suites 0
# pass 20
# fail 1
# cancelled 0
# skipped 0
# todo 0
# duration_ms 114.301797
