$ node --disable-warning=ExperimentalWarning --test 'test/unit/verify/**/*.test.js' 'test/unit/notes/**/*.test.js'
# cwd: .
# exit: 0
TAP version 13
# Subtest: parses HH:MM, HH:MM:SS, ISO and bracketed forms
ok 1 - parses HH:MM, HH:MM:SS, ISO and bracketed forms
  ---
  duration_ms: 3.437766
  type: 'test'
  ...
# Subtest: blank lines do not consume numbers; errors use physical line numbers
ok 2 - blank lines do not consume numbers; errors use physical line numbers
  ---
  duration_ms: 1.262653
  type: 'test'
  ...
# Subtest: CRLF input is accepted
ok 3 - CRLF input is accepted
  ---
  duration_ms: 0.35024
  type: 'test'
  ...
# Subtest: limits: 2000 lines ok, 2001 rejected; text 2000 ok, 2001 rejected
ok 4 - limits: 2000 lines ok, 2001 rejected; text 2000 ok, 2001 rejected
  ---
  duration_ms: 16.772945
  type: 'test'
  ...
# Subtest: error list is capped at 20 with the true total
ok 5 - error list is capped at 20 with the true total
  ---
  duration_ms: 0.347923
  type: 'test'
  ...
# Subtest: invalid times and dates are rejected
ok 6 - invalid times and dates are rejected
  ---
  duration_ms: 0.318818
  type: 'test'
  ...
# Subtest: control characters rejected, tab allowed
ok 7 - control characters rejected, tab allowed
  ---
  duration_ms: 0.151868
  type: 'test'
  ...
# Subtest: empty input is rejected
ok 8 - empty input is rejected
  ---
  duration_ms: 0.211266
  type: 'test'
  ...
# Subtest: json format with index+1 error lines
ok 9 - json format with index+1 error lines
  ---
  duration_ms: 0.595573
  type: 'test'
  ...
# Subtest: unknown format and wrong content type rejected
ok 10 - unknown format and wrong content type rejected
  ---
  duration_ms: 0.396731
  type: 'test'
  ...
# Subtest: re-parse is idempotent and does not mutate input
ok 11 - re-parse is idempotent and does not mutate input
  ---
  duration_ms: 0.250425
  type: 'test'
  ...
# Subtest: NFKC, case fold, whitespace
ok 12 - NFKC, case fold, whitespace
  ---
  duration_ms: 2.871272
  type: 'test'
  ...
# Subtest: times normalised, zone and seconds dropped
ok 13 - times normalised, zone and seconds dropped
  ---
  duration_ms: 0.314533
  type: 'test'
  ...
# Subtest: number words two..twelve; one only before a unit
ok 14 - number words two..twelve; one only before a unit
  ---
  duration_ms: 1.271305
  type: 'test'
  ...
# Subtest: thousands separators removed, decimals kept
ok 15 - thousands separators removed, decimals kept
  ---
  duration_ms: 0.187043
  type: 'test'
  ...
# Subtest: units split from digits
ok 16 - units split from digits
  ---
  duration_ms: 0.185225
  type: 'test'
  ...
# Subtest: idempotent
ok 17 - idempotent
  ---
  duration_ms: 0.17934
  type: 'test'
  ...
# Subtest: grounded statements verify
ok 18 - grounded statements verify
  ---
  duration_ms: 5.158963
  type: 'test'
  ...
# Subtest: NO_CITE stops further checks
ok 19 - NO_CITE stops further checks
  ---
  duration_ms: 0.206068
  type: 'test'
  ...
# Subtest: MISSING_LINE per bad number; stops if none exist, else continues
ok 20 - MISSING_LINE per bad number; stops if none exist, else continues
  ---
  duration_ms: 0.422091
  type: 'test'
  ...
# Subtest: TIME_NOT_IN_SOURCE, with time field and ISO ts as sources (DQ-1)
ok 21 - TIME_NOT_IN_SOURCE, with time field and ISO ts as sources (DQ-1)
  ---
  duration_ms: 0.370385
  type: 'test'
  ...
# Subtest: NUMBER_NOT_IN_SOURCE and units
ok 22 - NUMBER_NOT_IN_SOURCE and units
  ---
  duration_ms: 0.620574
  type: 'test'
  ...
# Subtest: NAME_NOT_IN_SOURCE rules (i)-(iv)
ok 23 - NAME_NOT_IN_SOURCE rules (i)-(iv)
  ---
  duration_ms: 3.8999
  type: 'test'
  ...
# Subtest: extraNames and author words are known names
ok 24 - extraNames and author words are known names
  ---
  duration_ms: 0.617733
  type: 'test'
  ...
# Subtest: WEAK_SUPPORT boundary: exactly 50% passes, below flags
ok 25 - WEAK_SUPPORT boundary: exactly 50% passes, below flags
  ---
  duration_ms: 0.244395
  type: 'test'
  ...
# Subtest: fabricated cause is flagged
ok 26 - fabricated cause is flagged
  ---
  duration_ms: 0.359294
  type: 'test'
  ...
# Subtest: union of cited lines supplies tokens
ok 27 - union of cited lines supplies tokens
  ---
  duration_ms: 0.516798
  type: 'test'
  ...
# Subtest: plural and stem matching
ok 28 - plural and stem matching
  ---
  duration_ms: 0.270225
  type: 'test'
  ...
# Subtest: pure, idempotent, no input mutation
ok 29 - pure, idempotent, no input mutation
  ---
  duration_ms: 0.769855
  type: 'test'
  ...
# Subtest: verifyDraft keeps sections and order
ok 30 - verifyDraft keeps sections and order
  ---
  duration_ms: 0.335989
  type: 'test'
  ...
# Subtest: stoplist is lower-case, unique and free of fact words
ok 31 - stoplist is lower-case, unique and free of fact words
  ---
  duration_ms: 1.43604
  type: 'test'
  ...
# Subtest: fallback prefix words are stoplisted
ok 32 - fallback prefix words are stoplisted
  ---
  duration_ms: 0.224532
  type: 'test'
  ...
# Subtest: corpus: every fabrication flagged with expected code, no false flags
ok 33 - corpus: every fabrication flagged with expected code, no false flags
  ---
  duration_ms: 1.044622
  type: 'test'
  ...
# Subtest: benchmark: 2000-line context + 5000 verifications within budget
ok 34 - benchmark: 2000-line context + 5000 verifications within budget
  ---
  duration_ms: 139.506163
  type: 'test'
  ...
1..34
# tests 34
# suites 0
# pass 34
# fail 0
# cancelled 0
# skipped 0
# todo 0
# duration_ms 332.665694
