$ node --disable-warning=ExperimentalWarning --test test/eval/manifest.test.js
# cwd: .
# exit: 0
TAP version 13
# Subtest: holdout manifest
    # Subtest: every holdout file matches MANIFEST.sha256 (no missing, extra or changed files)
    ok 1 - every holdout file matches MANIFEST.sha256 (no missing, extra or changed files)
      ---
      duration_ms: 1.682764
      type: 'test'
      ...
    # Subtest: manifest is sorted and uses relative paths
    ok 2 - manifest is sorted and uses relative paths
      ---
      duration_ms: 0.325297
      type: 'test'
      ...
    # Subtest: detector flags missing, extra and changed files (synthetic)
    ok 3 - detector flags missing, extra and changed files (synthetic)
      ---
      duration_ms: 0.259082
      type: 'test'
      ...
    # Subtest: parser rejects malformed and duplicate lines
    ok 4 - parser rejects malformed and duplicate lines
      ---
      duration_ms: 0.810305
      type: 'test'
      ...
    # Subtest: holdout has exactly 12 incident and 10 injection files and nothing else
    ok 5 - holdout has exactly 12 incident and 10 injection files and nothing else
      ---
      duration_ms: 0.362739
      type: 'test'
      ...
    1..5
ok 1 - holdout manifest
  ---
  duration_ms: 4.316536
  type: 'suite'
  ...
# Subtest: holdout dataset hygiene
    # Subtest: shape and labels
    ok 1 - shape and labels
      ---
      duration_ms: 2.33061
      type: 'test'
      ...
    # Subtest: injection canaries are unique, confined to payload lines, absent from tune and statements
    ok 2 - injection canaries are unique, confined to payload lines, absent from tune and statements
      ---
      duration_ms: 4.068427
      type: 'test'
      ...
    1..2
ok 2 - holdout dataset hygiene
  ---
  duration_ms: 6.742098
  type: 'suite'
  ...
1..2
# tests 7
# suites 2
# pass 7
# fail 0
# cancelled 0
# skipped 0
# todo 0
# duration_ms 99.193133
