$ node --disable-warning=ExperimentalWarning --test test/api/static.test.js
# cwd: .
# exit: 0
TAP version 13
# Subtest: index.html is served at / with security headers and a strict CSP
ok 1 - index.html is served at / with security headers and a strict CSP
  ---
  duration_ms: 90.373316
  type: 'test'
  ...
# Subtest: security headers are also on API responses, 404s and errors
ok 2 - security headers are also on API responses, 404s and errors
  ---
  duration_ms: 9.082211
  type: 'test'
  ...
# Subtest: js assets get the right content type; HEAD has no body
ok 3 - js assets get the right content type; HEAD has no body
  ---
  duration_ms: 8.745919
  type: 'test'
  ...
# Subtest: traversal attempts return the 404 envelope and never file contents
ok 4 - traversal attempts return the 404 envelope and never file contents
  ---
  duration_ms: 20.758975
  type: 'test'
  ...
# Subtest: resolveStatic unit: stays under root
ok 5 - resolveStatic unit: stays under root
  ---
  duration_ms: 0.233429
  type: 'test'
  ...
# Subtest: non-GET on static paths is 405 with Allow
ok 6 - non-GET on static paths is 405 with Allow
  ---
  duration_ms: 5.909862
  type: 'test'
  ...
# Subtest: missing public dir yields 404 envelope, not a crash
ok 7 - missing public dir yields 404 envelope, not a crash
  ---
  duration_ms: 11.679196
  type: 'test'
  ...
# Subtest: the real public/index.html (when present) has no inline script
ok 8 - the real public/index.html (when present) has no inline script
  ---
  duration_ms: 1.01002
  type: 'test'
  ...
1..8
# tests 8
# suites 0
# pass 8
# fail 0
# cancelled 0
# skipped 0
# todo 0
# duration_ms 282.451246
