$ node --test test/eval/manifest.test.js
# cwd: .
# exit: 1
TAP version 13
# Subtest: holdout manifest
    # Subtest: every holdout file matches MANIFEST.sha256 (no missing, extra or changed files)
    ok 1 - every holdout file matches MANIFEST.sha256 (no missing, extra or changed files)
      ---
      duration_ms: 1.761343
      type: 'test'
      ...
    # Subtest: manifest is sorted and uses relative paths
    ok 2 - manifest is sorted and uses relative paths
      ---
      duration_ms: 0.335904
      type: 'test'
      ...
    # Subtest: detector flags missing, extra and changed files (synthetic)
    ok 3 - detector flags missing, extra and changed files (synthetic)
      ---
      duration_ms: 0.20106
      type: 'test'
      ...
    # Subtest: parser rejects malformed and duplicate lines
    ok 4 - parser rejects malformed and duplicate lines
      ---
      duration_ms: 0.775255
      type: 'test'
      ...
    # Subtest: holdout has exactly 12 incident and 10 injection files and nothing else
    ok 5 - holdout has exactly 12 incident and 10 injection files and nothing else
      ---
      duration_ms: 0.407954
      type: 'test'
      ...
    1..5
ok 1 - holdout manifest
  ---
  duration_ms: 4.378585
  type: 'suite'
  ...
# Subtest: holdout dataset hygiene
    # Subtest: shape and labels
    ok 1 - shape and labels
      ---
      duration_ms: 2.524371
      type: 'test'
      ...
    # Subtest: injection canaries are unique, confined to payload lines, absent from tune and statements
    ok 2 - injection canaries are unique, confined to payload lines, absent from tune and statements
      ---
      duration_ms: 4.948275
      type: 'test'
      ...
    1..2
ok 2 - holdout dataset hygiene
  ---
  duration_ms: 7.778911
  type: 'suite'
  ...
# Subtest: retired holdout
    # Subtest: holdout-retired-1 is kept for history but is not what loadSet(holdout) reads
    not ok 1 - holdout-retired-1 is kept for history but is not what loadSet(holdout) reads
      ---
      duration_ms: 9.613499
      type: 'test'
      location: '/mnt/sbx/work/test/eval/manifest.test.js:139:3'
      failureType: 'testCodeFailure'
      error: 'hold3-01,hold3-02,hold3-03,hold3-04,hold3-05,hold3-06,hold3-07,hold3-08,hold3-09,hold3-10,hold3-11,hold3-12,hold3-inj-01,hold3-inj-02,hold3-inj-03,hold3-inj-04,hold3-inj-05,hold3-inj-06,hold3-inj-07,hold3-inj-08,hold3-inj-09,hold3-inj-10'
      code: 'ERR_ASSERTION'
      name: 'AssertionError'
      expected: true
      actual: false
      operator: '=='
      stack: |-
        TestContext.<anonymous> (file:///mnt/sbx/work/test/eval/manifest.test.js:146:12)
        async Test.run (node:internal/test_runner/test:1054:7)
        async Promise.all (index 0)
        async Suite.run (node:internal/test_runner/test:1442:7)
        async Test.processPendingSubtests (node:internal/test_runner/test:744:7)
      ...
    1..1
not ok 3 - retired holdout
  ---
  duration_ms: 9.820227
  type: 'suite'
  location: '/mnt/sbx/work/test/eval/manifest.test.js:138:1'
  failureType: 'subtestsFailed'
  error: '1 subtest failed'
  code: 'ERR_TEST_FAILURE'
  ...
1..3
# tests 8
# suites 3
# pass 7
# fail 1
# cancelled 0
# skipped 0
# todo 0
# duration_ms 123.035676
