$ npm run test:browser
# cwd: .
# exit: 0

> groundwork@1.0.0 test:browser
> node --disable-warning=ExperimentalWarning --test --test-concurrency=1 test/browser/journey.test.js

TAP version 13
# Subtest: browser journey at 360px
    # Subtest: sign in: empty state and invalid password error
    ok 1 - sign in: empty state and invalid password error
      ---
      duration_ms: 642.268697
      type: 'test'
      ...
    # Subtest: create incident: inline validation then success
    ok 2 - create incident: inline validation then success
      ---
      duration_ms: 444.09949
      type: 'test'
      ...
    # Subtest: import notes: malformed error then success
    ok 3 - import notes: malformed error then success
      ---
      duration_ms: 499.291383
      type: 'test'
      ...
    # Subtest: generate with fake: loading status, flagged statements, no fallback banner
    ok 4 - generate with fake: loading status, flagged statements, no fallback banner
      ---
      duration_ms: 278.538287
      type: 'test'
      ...
    # Subtest: citation chip highlights, focuses and announces the source line
    ok 5 - citation chip highlights, focuses and announces the source line
      ---
      duration_ms: 239.395312
      type: 'test'
      ...
    # Subtest: keyboard: skip link, chips, Edit, Save reachable; focus outline >= 2px
    ok 6 - keyboard: skip link, chips, Edit, Save reachable; focus outline >= 2px
      ---
      duration_ms: 460.105951
      type: 'test'
      ...
    # Subtest: edit flagged statements to grounded text: flags clear, counter updates
    ok 7 - edit flagged statements to grounded text: flags clear, counter updates
      ---
      duration_ms: 511.509578
      type: 'test'
      ...
    # Subtest: second incident: flagged draft, XSS probe, fallback banner
    ok 8 - second incident: flagged draft, XSS probe, fallback banner
      ---
      duration_ms: 1097.110547
      type: 'test'
      ...
    # Subtest: lead: publish disabled while flagged; enabled at zero flags; publish succeeds, read-only
    ok 9 - lead: publish disabled while flagged; enabled at zero flags; publish succeeds, read-only
      ---
      duration_ms: 787.957079
      type: 'test'
      ...
    # Subtest: viewer reads the postmortem and highlights a citation
    ok 10 - viewer reads the postmortem and highlights a citation
      ---
      duration_ms: 584.192991
      type: 'test'
      ...
    # Subtest: cross-team viewer sees the empty state
    ok 11 - cross-team viewer sees the empty state
      ---
      duration_ms: 607.958929
      type: 'test'
      ...
    # Subtest: layout and a11y checks: overflow, contrast, touch targets
    ok 12 - layout and a11y checks: overflow, contrast, touch targets
      ---
      duration_ms: 0.491226
      type: 'test'
      ...
    # Subtest: no console errors, no failed requests, no dialogs
    ok 13 - no console errors, no failed requests, no dialogs
      ---
      duration_ms: 0.849665
      type: 'test'
      ...
    1..13
ok 1 - browser journey at 360px
  ---
  duration_ms: 7053.326197
  type: 'test'
  ...
# Subtest: browser journey at 1280px
    # Subtest: sign in: empty state and invalid password error
    ok 1 - sign in: empty state and invalid password error
      ---
      duration_ms: 564.391712
      type: 'test'
      ...
    # Subtest: create incident: inline validation then success
    ok 2 - create incident: inline validation then success
      ---
      duration_ms: 486.904616
      type: 'test'
      ...
    # Subtest: import notes: malformed error then success
    ok 3 - import notes: malformed error then success
      ---
      duration_ms: 660.283871
      type: 'test'
      ...
    # Subtest: generate with fake: loading status, flagged statements, no fallback banner
    ok 4 - generate with fake: loading status, flagged statements, no fallback banner
      ---
      duration_ms: 357.040545
      type: 'test'
      ...
    # Subtest: citation chip highlights, focuses and announces the source line
    ok 5 - citation chip highlights, focuses and announces the source line
      ---
      duration_ms: 349.245794
      type: 'test'
      ...
    # Subtest: keyboard: skip link, chips, Edit, Save reachable; focus outline >= 2px
    ok 6 - keyboard: skip link, chips, Edit, Save reachable; focus outline >= 2px
      ---
      duration_ms: 683.305254
      type: 'test'
      ...
    # Subtest: edit flagged statements to grounded text: flags clear, counter updates
    ok 7 - edit flagged statements to grounded text: flags clear, counter updates
      ---
      duration_ms: 598.099154
      type: 'test'
      ...
    # Subtest: second incident: flagged draft, XSS probe, fallback banner
    ok 8 - second incident: flagged draft, XSS probe, fallback banner
      ---
      duration_ms: 1235.310175
      type: 'test'
      ...
    # Subtest: lead: publish disabled while flagged; enabled at zero flags; publish succeeds, read-only
    ok 9 - lead: publish disabled while flagged; enabled at zero flags; publish succeeds, read-only
      ---
      duration_ms: 965.630243
      type: 'test'
      ...
    # Subtest: viewer reads the postmortem and highlights a citation
    ok 10 - viewer reads the postmortem and highlights a citation
      ---
      duration_ms: 563.430189
      type: 'test'
      ...
    # Subtest: cross-team viewer sees the empty state
    ok 11 - cross-team viewer sees the empty state
      ---
      duration_ms: 614.135442
      type: 'test'
      ...
    # Subtest: layout and a11y checks: overflow, contrast, touch targets
    ok 12 - layout and a11y checks: overflow, contrast, touch targets
      ---
      duration_ms: 0.265609
      type: 'test'
      ...
    # Subtest: no console errors, no failed requests, no dialogs
    ok 13 - no console errors, no failed requests, no dialogs
      ---
      duration_ms: 0.173645
      type: 'test'
      ...
    1..13
ok 2 - browser journey at 1280px
  ---
  duration_ms: 7138.511651
  type: 'test'
  ...
1..2
# tests 28
# suites 0
# pass 28
# fail 0
# cancelled 0
# skipped 0
# todo 0
# duration_ms 14628.968288
