$ node --disable-warning=ExperimentalWarning --test test/unit/ai test/unit/verify
# cwd: .
# exit: 1
TAP version 13
# node:internal/modules/cjs/loader:1386
#   throw err;
#   ^
# Error: Cannot find module '/mnt/sbx/work/test/unit/ai'
#     at Function._resolveFilename (node:internal/modules/cjs/loader:1383:15)
#     at defaultResolveImpl (node:internal/modules/cjs/loader:1025:19)
#     at resolveForCJSWithHooks (node:internal/modules/cjs/loader:1030:22)
#     at Function._load (node:internal/modules/cjs/loader:1192:37)
#     at TracingChannel.traceSync (node:diagnostics_channel:328:14)
#     at wrapModuleLoad (node:internal/modules/cjs/loader:237:24)
#     at Function.executeUserEntryPoint [as runMain] (node:internal/modules/run_main:171:5)
#     at node:internal/main/run_main_module:36:49 {
#   code: 'MODULE_NOT_FOUND',
#   requireStack: []
# }
# Node.js v22.22.0
# Subtest: test/unit/ai
not ok 1 - test/unit/ai
  ---
  duration_ms: 33.743414
  type: 'test'
  location: '/mnt/sbx/work/test/unit/ai:1:1'
  failureType: 'testCodeFailure'
  exitCode: 1
  signal: ~
  error: 'test failed'
  code: 'ERR_TEST_FAILURE'
  ...
# node:internal/modules/cjs/loader:1386
#   throw err;
#   ^
# Error: Cannot find module '/mnt/sbx/work/test/unit/verify'
#     at Function._resolveFilename (node:internal/modules/cjs/loader:1383:15)
#     at defaultResolveImpl (node:internal/modules/cjs/loader:1025:19)
#     at resolveForCJSWithHooks (node:internal/modules/cjs/loader:1030:22)
#     at Function._load (node:internal/modules/cjs/loader:1192:37)
#     at TracingChannel.traceSync (node:diagnostics_channel:328:14)
#     at wrapModuleLoad (node:internal/modules/cjs/loader:237:24)
#     at Function.executeUserEntryPoint [as runMain] (node:internal/modules/run_main:171:5)
#     at node:internal/main/run_main_module:36:49 {
#   code: 'MODULE_NOT_FOUND',
#   requireStack: []
# }
# Node.js v22.22.0
# Subtest: test/unit/verify
not ok 2 - test/unit/verify
  ---
  duration_ms: 31.162283
  type: 'test'
  location: '/mnt/sbx/work/test/unit/verify:1:1'
  failureType: 'testCodeFailure'
  exitCode: 1
  signal: ~
  error: 'test failed'
  code: 'ERR_TEST_FAILURE'
  ...
1..2
# tests 2
# suites 0
# pass 0
# fail 2
# cancelled 0
# skipped 0
# todo 0
# duration_ms 43.921267
