$ npm run test:browser
# cwd: .
# exit: 1

> groundwork@1.0.0 test:browser
> node --disable-warning=ExperimentalWarning --test --test-concurrency=1 test/browser/journey.test.js

TAP version 13
# Subtest: browser journey at 360px
    # Subtest: sign in: empty state and invalid password error
    ok 1 - sign in: empty state and invalid password error
      ---
      duration_ms: 772.301376
      type: 'test'
      ...
    # Subtest: create incident: inline validation then success
    ok 2 - create incident: inline validation then success
      ---
      duration_ms: 525.71675
      type: 'test'
      ...
    # Subtest: import notes: malformed error then success
    ok 3 - import notes: malformed error then success
      ---
      duration_ms: 705.069128
      type: 'test'
      ...
    # Subtest: generate with fake: loading status, flagged statements, no fallback banner
    ok 4 - generate with fake: loading status, flagged statements, no fallback banner
      ---
      duration_ms: 362.014625
      type: 'test'
      ...
    # Subtest: citation chip highlights, focuses and announces the source line
    ok 5 - citation chip highlights, focuses and announces the source line
      ---
      duration_ms: 336.995031
      type: 'test'
      ...
    # Subtest: keyboard: skip link, chips, Edit, Save reachable; focus outline >= 2px
    ok 6 - keyboard: skip link, chips, Edit, Save reachable; focus outline >= 2px
      ---
      duration_ms: 794.18876
      type: 'test'
      ...
    # Subtest: edit flagged statements to grounded text: flags clear, counter updates
    ok 7 - edit flagged statements to grounded text: flags clear, counter updates
      ---
      duration_ms: 570.039854
      type: 'test'
      ...
    # Subtest: second incident: flagged draft, XSS probe, fallback banner
    ok 8 - second incident: flagged draft, XSS probe, fallback banner
      ---
      duration_ms: 1102.222412
      type: 'test'
      ...
    # Subtest: lead: publish disabled while flagged; enabled at zero flags; publish succeeds, read-only
    ok 9 - lead: publish disabled while flagged; enabled at zero flags; publish succeeds, read-only
      ---
      duration_ms: 847.626532
      type: 'test'
      ...
    # Subtest: viewer reads the postmortem and highlights a citation
    not ok 10 - viewer reads the postmortem and highlights a citation
      ---
      duration_ms: 571.55182
      type: 'test'
      location: '/home/user/ECCode/examples/groundwork/test/browser/journey.test.js:391:13'
      failureType: 'testCodeFailure'
      error: |-
        viewer-postmortem: literal "null" text rendered in main#main
        + actual - expected
        
        + [
        +   'main#main'
        + ]
        - []
        
      code: 'ERR_ASSERTION'
      name: 'AssertionError'
      expected:
      actual:
        0: 'main#main'
      operator: 'deepStrictEqual'
      stack: |-
        assertNoStrayNull (file:///home/user/ECCode/examples/groundwork/test/browser/journey.test.js:158:10)
        async auditLayout (file:///home/user/ECCode/examples/groundwork/test/browser/journey.test.js:162:3)
        async TestContext.<anonymous> (file:///home/user/ECCode/examples/groundwork/test/browser/journey.test.js:401:7)
        async Test.run (node:internal/test_runner/test:1054:7)
        async TestContext.<anonymous> (file:///home/user/ECCode/examples/groundwork/test/browser/journey.test.js:391:5)
        async Test.run (node:internal/test_runner/test:1054:7)
        async startSubtestAfterBootstrap (node:internal/test_runner/harness:296:3)
      ...
    # Subtest: cross-team viewer sees the empty state
    not ok 11 - cross-team viewer sees the empty state
      ---
      duration_ms: 30012.111132
      type: 'test'
      location: '/home/user/ECCode/examples/groundwork/test/browser/journey.test.js:405:13'
      failureType: 'testCodeFailure'
      error: |-
        page.fill: Timeout 30000ms exceeded.
        Call log:
        [2m  - waiting for locator('[data-testid="login-username"]')[22m
        
      code: 'ERR_TEST_FAILURE'
      name: 'TimeoutError'
      stack: |-
        signIn (/home/user/ECCode/examples/groundwork/test/browser/journey.test.js:103:14)
        async TestContext.<anonymous> (/home/user/ECCode/examples/groundwork/test/browser/journey.test.js:406:7)
        async TestContext.<anonymous> (/home/user/ECCode/examples/groundwork/test/browser/journey.test.js:405:5)
      ...
    # Subtest: layout and a11y checks: overflow, contrast, touch targets
    ok 12 - layout and a11y checks: overflow, contrast, touch targets
      ---
      duration_ms: 1.140032
      type: 'test'
      ...
    # Subtest: no console errors, no failed requests, no dialogs
    ok 13 - no console errors, no failed requests, no dialogs
      ---
      duration_ms: 1.151105
      type: 'test'
      ...
    1..13
not ok 1 - browser journey at 360px
  ---
  duration_ms: 37712.323966
  type: 'test'
  location: '/home/user/ECCode/examples/groundwork/test/browser/journey.test.js:209:3'
  failureType: 'subtestsFailed'
  error: '2 subtests failed'
  code: 'ERR_TEST_FAILURE'
  ...
# Subtest: browser journey at 1280px
    # Subtest: sign in: empty state and invalid password error
    ok 1 - sign in: empty state and invalid password error
      ---
      duration_ms: 665.114931
      type: 'test'
      ...
    # Subtest: create incident: inline validation then success
    ok 2 - create incident: inline validation then success
      ---
      duration_ms: 521.557341
      type: 'test'
      ...
    # Subtest: import notes: malformed error then success
    ok 3 - import notes: malformed error then success
      ---
      duration_ms: 785.821093
      type: 'test'
      ...
    # Subtest: generate with fake: loading status, flagged statements, no fallback banner
    ok 4 - generate with fake: loading status, flagged statements, no fallback banner
      ---
      duration_ms: 619.455543
      type: 'test'
      ...
    # Subtest: citation chip highlights, focuses and announces the source line
    ok 5 - citation chip highlights, focuses and announces the source line
      ---
      duration_ms: 578.116849
      type: 'test'
      ...
    # Subtest: keyboard: skip link, chips, Edit, Save reachable; focus outline >= 2px
    ok 6 - keyboard: skip link, chips, Edit, Save reachable; focus outline >= 2px
      ---
      duration_ms: 680.742698
      type: 'test'
      ...
    # Subtest: edit flagged statements to grounded text: flags clear, counter updates
    ok 7 - edit flagged statements to grounded text: flags clear, counter updates
      ---
      duration_ms: 683.641043
      type: 'test'
      ...
    # Subtest: second incident: flagged draft, XSS probe, fallback banner
    ok 8 - second incident: flagged draft, XSS probe, fallback banner
      ---
      duration_ms: 1759.339416
      type: 'test'
      ...
    # Subtest: lead: publish disabled while flagged; enabled at zero flags; publish succeeds, read-only
    ok 9 - lead: publish disabled while flagged; enabled at zero flags; publish succeeds, read-only
      ---
      duration_ms: 1002.930438
      type: 'test'
      ...
    # Subtest: viewer reads the postmortem and highlights a citation
    not ok 10 - viewer reads the postmortem and highlights a citation
      ---
      duration_ms: 439.489884
      type: 'test'
      location: '/home/user/ECCode/examples/groundwork/test/browser/journey.test.js:391:13'
      failureType: 'testCodeFailure'
      error: |-
        viewer-postmortem: literal "null" text rendered in main#main
        + actual - expected
        
        + [
        +   'main#main'
        + ]
        - []
        
      code: 'ERR_ASSERTION'
      name: 'AssertionError'
      expected:
      actual:
        0: 'main#main'
      operator: 'deepStrictEqual'
      stack: |-
        assertNoStrayNull (file:///home/user/ECCode/examples/groundwork/test/browser/journey.test.js:158:10)
        async auditLayout (file:///home/user/ECCode/examples/groundwork/test/browser/journey.test.js:162:3)
        async TestContext.<anonymous> (file:///home/user/ECCode/examples/groundwork/test/browser/journey.test.js:401:7)
        async Test.run (node:internal/test_runner/test:1054:7)
        async TestContext.<anonymous> (file:///home/user/ECCode/examples/groundwork/test/browser/journey.test.js:391:5)
        async Test.run (node:internal/test_runner/test:1054:7)
        async Test.processPendingSubtests (node:internal/test_runner/test:744:7)
      ...
    # Subtest: cross-team viewer sees the empty state
    not ok 11 - cross-team viewer sees the empty state
      ---
      duration_ms: 30011.179692
      type: 'test'
      location: '/home/user/ECCode/examples/groundwork/test/browser/journey.test.js:405:13'
      failureType: 'testCodeFailure'
      error: |-
        page.fill: Timeout 30000ms exceeded.
        Call log:
        [2m  - waiting for locator('[data-testid="login-username"]')[22m
        
      code: 'ERR_TEST_FAILURE'
      name: 'TimeoutError'
      stack: |-
        signIn (/home/user/ECCode/examples/groundwork/test/browser/journey.test.js:103:14)
        async TestContext.<anonymous> (/home/user/ECCode/examples/groundwork/test/browser/journey.test.js:406:7)
        async TestContext.<anonymous> (/home/user/ECCode/examples/groundwork/test/browser/journey.test.js:405:5)
      ...
    # Subtest: layout and a11y checks: overflow, contrast, touch targets
    ok 12 - layout and a11y checks: overflow, contrast, touch targets
      ---
      duration_ms: 0.927744
      type: 'test'
      ...
    # Subtest: no console errors, no failed requests, no dialogs
    ok 13 - no console errors, no failed requests, no dialogs
      ---
      duration_ms: 0.436967
      type: 'test'
      ...
    1..13
not ok 2 - browser journey at 1280px
  ---
  duration_ms: 37823.315056
  type: 'test'
  location: '/home/user/ECCode/examples/groundwork/test/browser/journey.test.js:209:3'
  failureType: 'subtestsFailed'
  error: '2 subtests failed'
  code: 'ERR_TEST_FAILURE'
  ...
1..2
# tests 28
# suites 0
# pass 22
# fail 6
# cancelled 0
# skipped 0
# todo 0
# duration_ms 76178.710389
