$ node --disable-warning=ExperimentalWarning --test 'test/unit/verify/**/*.test.js' 'test/unit/notes/**/*.test.js' 'test/unit/db/**/*.test.js'
# cwd: .
# exit: 0
TAP version 13
# Subtest: fresh DB applies 001 and 002; second run is a no-op
ok 1 - fresh DB applies 001 and 002; second run is a no-op
  ---
  duration_ms: 10.112437
  type: 'test'
  ...
# Subtest: pragmas are applied
ok 2 - pragmas are applied
  ---
  duration_ms: 1.919018
  type: 'test'
  ...
# Subtest: edited applied migration aborts
ok 3 - edited applied migration aborts
  ---
  duration_ms: 5.00573
  type: 'test'
  ...
# Subtest: database newer than the files aborts
ok 4 - database newer than the files aborts
  ---
  duration_ms: 11.858854
  type: 'test'
  ...
# Subtest: failing migration rolls back and records nothing
ok 5 - failing migration rolls back and records nothing
  ---
  duration_ms: 0.776402
  type: 'test'
  ...
# Subtest: non-contiguous migration versions are refused
ok 6 - non-contiguous migration versions are refused
  ---
  duration_ms: 8.149548
  type: 'test'
  ...
# Subtest: persists across reopen on a file DB; created directory
ok 7 - persists across reopen on a file DB; created directory
  ---
  duration_ms: 2.294829
  type: 'test'
  ...
# Subtest: audit trigger blocks UPDATE and DELETE
ok 8 - audit trigger blocks UPDATE and DELETE
  ---
  duration_ms: 1.242431
  type: 'test'
  ...
# Subtest: CHECK constraints reject bad role, state, status, severity, outcome
ok 9 - CHECK constraints reject bad role, state, status, severity, outcome
  ---
  duration_ms: 1.736293
  type: 'test'
  ...
# Subtest: foreign keys are enforced
ok 10 - foreign keys are enforced
  ---
  duration_ms: 1.682044
  type: 'test'
  ...
# Subtest: username is unique case-insensitively
ok 11 - username is unique case-insensitively
  ---
  duration_ms: 1.274546
  type: 'test'
  ...
# Subtest: SQL metacharacters round-trip as data with parameters
ok 12 - SQL metacharacters round-trip as data with parameters
  ---
  duration_ms: 1.05229
  type: 'test'
  ...
# Subtest: tx commits, rolls back on throw, refuses async callbacks and nesting
ok 13 - tx commits, rolls back on throw, refuses async callbacks and nesting
  ---
  duration_ms: 1.446667
  type: 'test'
  ...
# Subtest: validator: types, required, additionalProperties, nested paths
ok 14 - validator: types, required, additionalProperties, nested paths
  ---
  duration_ms: 2.263601
  type: 'test'
  ...
# Subtest: validator: enum, pattern, type unions, NaN/Infinity rejected
ok 15 - validator: enum, pattern, type unions, NaN/Infinity rejected
  ---
  duration_ms: 0.257898
  type: 'test'
  ...
# Subtest: validator: caps errors at 20, does not mutate, __proto__ key is data
ok 16 - validator: caps errors at 20, does not mutate, __proto__ key is data
  ---
  duration_ms: 0.157946
  type: 'test'
  ...
# Subtest: compile rejects unknown keywords and bad types
ok 17 - compile rejects unknown keywords and bad types
  ---
  duration_ms: 0.430473
  type: 'test'
  ...
# Subtest: config defaults and validation
ok 18 - config defaults and validation
  ---
  duration_ms: 0.473182
  type: 'test'
  ...
# Subtest: contract: requests accept spec examples and reject extras
ok 19 - contract: requests accept spec examples and reject extras
  ---
  duration_ms: 0.346795
  type: 'test'
  ...
# Subtest: contract: responses and error envelope
ok 20 - contract: responses and error envelope
  ---
  duration_ms: 0.290875
  type: 'test'
  ...
# Subtest: contract: ERRORS table matches spec statuses
ok 21 - contract: ERRORS table matches spec statuses
  ---
  duration_ms: 0.100051
  type: 'test'
  ...
# Subtest: parses HH:MM, HH:MM:SS, ISO and bracketed forms
ok 22 - parses HH:MM, HH:MM:SS, ISO and bracketed forms
  ---
  duration_ms: 2.828939
  type: 'test'
  ...
# Subtest: blank lines do not consume numbers; errors use physical line numbers
ok 23 - blank lines do not consume numbers; errors use physical line numbers
  ---
  duration_ms: 1.791426
  type: 'test'
  ...
# Subtest: CRLF input is accepted
ok 24 - CRLF input is accepted
  ---
  duration_ms: 0.293365
  type: 'test'
  ...
# Subtest: limits: 2000 lines ok, 2001 rejected; text 2000 ok, 2001 rejected
ok 25 - limits: 2000 lines ok, 2001 rejected; text 2000 ok, 2001 rejected
  ---
  duration_ms: 14.544578
  type: 'test'
  ...
# Subtest: error list is capped at 20 with the true total
ok 26 - error list is capped at 20 with the true total
  ---
  duration_ms: 0.257258
  type: 'test'
  ...
# Subtest: invalid times and dates are rejected
ok 27 - invalid times and dates are rejected
  ---
  duration_ms: 0.201505
  type: 'test'
  ...
# Subtest: control characters rejected, tab allowed
ok 28 - control characters rejected, tab allowed
  ---
  duration_ms: 0.105668
  type: 'test'
  ...
# Subtest: empty input is rejected
ok 29 - empty input is rejected
  ---
  duration_ms: 0.157804
  type: 'test'
  ...
# Subtest: json format with index+1 error lines
ok 30 - json format with index+1 error lines
  ---
  duration_ms: 0.514607
  type: 'test'
  ...
# Subtest: unknown format and wrong content type rejected
ok 31 - unknown format and wrong content type rejected
  ---
  duration_ms: 0.304966
  type: 'test'
  ...
# Subtest: re-parse is idempotent and does not mutate input
ok 32 - re-parse is idempotent and does not mutate input
  ---
  duration_ms: 0.238893
  type: 'test'
  ...
# Subtest: NFKC, case fold, whitespace
ok 33 - NFKC, case fold, whitespace
  ---
  duration_ms: 2.641657
  type: 'test'
  ...
# Subtest: times normalised, zone and seconds dropped
ok 34 - times normalised, zone and seconds dropped
  ---
  duration_ms: 0.320207
  type: 'test'
  ...
# Subtest: number words two..twelve; one only before a unit
ok 35 - number words two..twelve; one only before a unit
  ---
  duration_ms: 1.111139
  type: 'test'
  ...
# Subtest: thousands separators removed, decimals kept
ok 36 - thousands separators removed, decimals kept
  ---
  duration_ms: 0.265514
  type: 'test'
  ...
# Subtest: units split from digits
ok 37 - units split from digits
  ---
  duration_ms: 0.266598
  type: 'test'
  ...
# Subtest: idempotent
ok 38 - idempotent
  ---
  duration_ms: 0.213179
  type: 'test'
  ...
# Subtest: grounded statements verify
ok 39 - grounded statements verify
  ---
  duration_ms: 5.405315
  type: 'test'
  ...
# Subtest: NO_CITE stops further checks
ok 40 - NO_CITE stops further checks
  ---
  duration_ms: 0.261746
  type: 'test'
  ...
# Subtest: MISSING_LINE per bad number; stops if none exist, else continues
ok 41 - MISSING_LINE per bad number; stops if none exist, else continues
  ---
  duration_ms: 0.617724
  type: 'test'
  ...
# Subtest: TIME_NOT_IN_SOURCE, with time field and ISO ts as sources (DQ-1)
ok 42 - TIME_NOT_IN_SOURCE, with time field and ISO ts as sources (DQ-1)
  ---
  duration_ms: 1.369391
  type: 'test'
  ...
# Subtest: NUMBER_NOT_IN_SOURCE and units
ok 43 - NUMBER_NOT_IN_SOURCE and units
  ---
  duration_ms: 0.569698
  type: 'test'
  ...
# Subtest: NAME_NOT_IN_SOURCE rules (i)-(iv)
ok 44 - NAME_NOT_IN_SOURCE rules (i)-(iv)
  ---
  duration_ms: 0.439183
  type: 'test'
  ...
# Subtest: extraNames and author words are known names
ok 45 - extraNames and author words are known names
  ---
  duration_ms: 0.496364
  type: 'test'
  ...
# Subtest: WEAK_SUPPORT boundary: exactly 50% passes, below flags
ok 46 - WEAK_SUPPORT boundary: exactly 50% passes, below flags
  ---
  duration_ms: 0.250454
  type: 'test'
  ...
# Subtest: fabricated cause is flagged
ok 47 - fabricated cause is flagged
  ---
  duration_ms: 0.400894
  type: 'test'
  ...
# Subtest: union of cited lines supplies tokens
ok 48 - union of cited lines supplies tokens
  ---
  duration_ms: 0.629391
  type: 'test'
  ...
# Subtest: plural and stem matching
ok 49 - plural and stem matching
  ---
  duration_ms: 0.322059
  type: 'test'
  ...
# Subtest: pure, idempotent, no input mutation
ok 50 - pure, idempotent, no input mutation
  ---
  duration_ms: 1.062582
  type: 'test'
  ...
# Subtest: verifyDraft keeps sections and order
ok 51 - verifyDraft keeps sections and order
  ---
  duration_ms: 0.345944
  type: 'test'
  ...
# Subtest: stoplist is lower-case, unique and free of fact words
ok 52 - stoplist is lower-case, unique and free of fact words
  ---
  duration_ms: 1.435926
  type: 'test'
  ...
# Subtest: fallback prefix words are stoplisted
ok 53 - fallback prefix words are stoplisted
  ---
  duration_ms: 0.31261
  type: 'test'
  ...
# Subtest: corpus: every fabrication flagged with expected code, no false flags
ok 54 - corpus: every fabrication flagged with expected code, no false flags
  ---
  duration_ms: 0.897169
  type: 'test'
  ...
# Subtest: benchmark: 2000-line context + 5000 verifications within budget
ok 55 - benchmark: 2000-line context + 5000 verifications within budget
  ---
  duration_ms: 122.828029
  type: 'test'
  ...
1..55
# tests 55
# suites 0
# pass 55
# fail 0
# cancelled 0
# skipped 0
# todo 0
# duration_ms 341.034309
