$ node --test test/eval/budget.test.js
# cwd: .
# exit: 1
TAP version 13
# Subtest: cap fires for real usage.log statuses PASS and FAIL
not ok 1 - cap fires for real usage.log statuses PASS and FAIL
  ---
  duration_ms: 1.397707
  type: 'test'
  location: '/mnt/sbx/work/test/eval/budget.test.js:10:1'
  failureType: 'testCodeFailure'
  error: |-
    Expected values to be strictly equal:
    
    0 !== 8
    
  code: 'ERR_ASSERTION'
  name: 'AssertionError'
  expected: 8
  actual: 0
  operator: 'strictEqual'
  stack: |-
    TestContext.<anonymous> (file:///mnt/sbx/work/test/eval/budget.test.js:13:10)
    Test.runInAsyncScope (node:async_hooks:214:14)
    Test.run (node:internal/test_runner/test:1047:25)
    Test.start (node:internal/test_runner/test:944:17)
    startSubtestAfterBootstrap (node:internal/test_runner/harness:296:17)
  ...
# Subtest: INCOMPLETE counts; legacy COMPLETE still counts
ok 2 - INCOMPLETE counts; legacy COMPLETE still counts
  ---
  duration_ms: 0.200975
  type: 'test'
  ...
# Subtest: holdout, fallback, partial-set and NOT_RUN entries do not count
ok 3 - holdout, fallback, partial-set and NOT_RUN entries do not count
  ---
  duration_ms: 0.166593
  type: 'test'
  ...
# Subtest: below the cap is allowed; holdout and non-full checks are not blocked by the tune cap
ok 4 - below the cap is allowed; holdout and non-full checks are not blocked by the tune cap
  ---
  duration_ms: 1.018347
  type: 'test'
  ...
# Subtest: holdout cap logic is untouched
ok 5 - holdout cap logic is untouched
  ---
  duration_ms: 0.174711
  type: 'test'
  ...
1..5
# tests 5
# suites 0
# pass 4
# fail 1
# cancelled 0
# skipped 0
# todo 0
# duration_ms 77.153207
