$ npm run test:browser
# cwd: .
# exit: 0

> groundwork@1.0.0 test:browser
> node --disable-warning=ExperimentalWarning --test --test-concurrency=1 test/browser/journey.test.js

TAP version 13
# Subtest: browser journey at 360px
    # Subtest: sign in: empty state and invalid password error
    ok 1 - sign in: empty state and invalid password error
      ---
      duration_ms: 466.528117
      type: 'test'
      ...
    # Subtest: create incident: inline validation then success
    ok 2 - create incident: inline validation then success
      ---
      duration_ms: 311.296275
      type: 'test'
      ...
    # Subtest: import notes: malformed error then success
    ok 3 - import notes: malformed error then success
      ---
      duration_ms: 411.044745
      type: 'test'
      ...
    # Subtest: generate with fake: loading status, flagged statements, no fallback banner
    ok 4 - generate with fake: loading status, flagged statements, no fallback banner
      ---
      duration_ms: 174.850267
      type: 'test'
      ...
    # Subtest: citation chip highlights, focuses and announces the source line
    ok 5 - citation chip highlights, focuses and announces the source line
      ---
      duration_ms: 147.778885
      type: 'test'
      ...
    # Subtest: keyboard: skip link, chips, Edit, Save reachable; focus outline >= 2px
    ok 6 - keyboard: skip link, chips, Edit, Save reachable; focus outline >= 2px
      ---
      duration_ms: 273.087166
      type: 'test'
      ...
    # Subtest: edit flagged statements to grounded text: flags clear, counter updates
    ok 7 - edit flagged statements to grounded text: flags clear, counter updates
      ---
      duration_ms: 389.725507
      type: 'test'
      ...
    # Subtest: second incident: flagged draft, XSS probe, fallback banner
    ok 8 - second incident: flagged draft, XSS probe, fallback banner
      ---
      duration_ms: 758.300687
      type: 'test'
      ...
    # Subtest: lead: publish disabled while flagged; enabled at zero flags; publish succeeds, read-only
    ok 9 - lead: publish disabled while flagged; enabled at zero flags; publish succeeds, read-only
      ---
      duration_ms: 544.487674
      type: 'test'
      ...
    # Subtest: viewer reads the postmortem and highlights a citation
    ok 10 - viewer reads the postmortem and highlights a citation
      ---
      duration_ms: 351.589955
      type: 'test'
      ...
    # Subtest: cross-team viewer sees the empty state
    ok 11 - cross-team viewer sees the empty state
      ---
      duration_ms: 399.467219
      type: 'test'
      ...
    # Subtest: layout and a11y checks: overflow, contrast, touch targets
    ok 12 - layout and a11y checks: overflow, contrast, touch targets
      ---
      duration_ms: 1.415719
      type: 'test'
      ...
    # Subtest: no console errors, no failed requests, no dialogs
    ok 13 - no console errors, no failed requests, no dialogs
      ---
      duration_ms: 0.366394
      type: 'test'
      ...
    1..13
ok 1 - browser journey at 360px
  ---
  duration_ms: 4970.975203
  type: 'test'
  ...
# Subtest: browser journey at 1280px
    # Subtest: sign in: empty state and invalid password error
    ok 1 - sign in: empty state and invalid password error
      ---
      duration_ms: 367.807098
      type: 'test'
      ...
    # Subtest: create incident: inline validation then success
    ok 2 - create incident: inline validation then success
      ---
      duration_ms: 306.998304
      type: 'test'
      ...
    # Subtest: import notes: malformed error then success
    ok 3 - import notes: malformed error then success
      ---
      duration_ms: 383.405656
      type: 'test'
      ...
    # Subtest: generate with fake: loading status, flagged statements, no fallback banner
    ok 4 - generate with fake: loading status, flagged statements, no fallback banner
      ---
      duration_ms: 239.279269
      type: 'test'
      ...
    # Subtest: citation chip highlights, focuses and announces the source line
    ok 5 - citation chip highlights, focuses and announces the source line
      ---
      duration_ms: 186.726341
      type: 'test'
      ...
    # Subtest: keyboard: skip link, chips, Edit, Save reachable; focus outline >= 2px
    ok 6 - keyboard: skip link, chips, Edit, Save reachable; focus outline >= 2px
      ---
      duration_ms: 316.059016
      type: 'test'
      ...
    # Subtest: edit flagged statements to grounded text: flags clear, counter updates
    ok 7 - edit flagged statements to grounded text: flags clear, counter updates
      ---
      duration_ms: 434.62764
      type: 'test'
      ...
    # Subtest: second incident: flagged draft, XSS probe, fallback banner
    ok 8 - second incident: flagged draft, XSS probe, fallback banner
      ---
      duration_ms: 844.435841
      type: 'test'
      ...
    # Subtest: lead: publish disabled while flagged; enabled at zero flags; publish succeeds, read-only
    ok 9 - lead: publish disabled while flagged; enabled at zero flags; publish succeeds, read-only
      ---
      duration_ms: 597.886364
      type: 'test'
      ...
    # Subtest: viewer reads the postmortem and highlights a citation
    ok 10 - viewer reads the postmortem and highlights a citation
      ---
      duration_ms: 382.663198
      type: 'test'
      ...
    # Subtest: cross-team viewer sees the empty state
    ok 11 - cross-team viewer sees the empty state
      ---
      duration_ms: 416.927826
      type: 'test'
      ...
    # Subtest: layout and a11y checks: overflow, contrast, touch targets
    ok 12 - layout and a11y checks: overflow, contrast, touch targets
      ---
      duration_ms: 0.14359
      type: 'test'
      ...
    # Subtest: no console errors, no failed requests, no dialogs
    ok 13 - no console errors, no failed requests, no dialogs
      ---
      duration_ms: 0.073375
      type: 'test'
      ...
    1..13
ok 2 - browser journey at 1280px
  ---
  duration_ms: 4510.796171
  type: 'test'
  ...
1..2
# tests 28
# suites 0
# pass 28
# fail 0
# cancelled 0
# skipped 0
# todo 0
# duration_ms 9741.416943
