$ npm run test:browser
# cwd: .
# exit: 1

> groundwork@1.0.0 test:browser
> node --disable-warning=ExperimentalWarning --test --test-concurrency=1 test/browser/journey.test.js

TAP version 13
# Subtest: browser journey at 360px
    # Subtest: sign in: empty state and invalid password error
    ok 1 - sign in: empty state and invalid password error
      ---
      duration_ms: 444.866065
      type: 'test'
      ...
    # Subtest: create incident: inline validation then success
    ok 2 - create incident: inline validation then success
      ---
      duration_ms: 328.799638
      type: 'test'
      ...
    # Subtest: import notes: malformed error then success
    ok 3 - import notes: malformed error then success
      ---
      duration_ms: 395.703927
      type: 'test'
      ...
    # Subtest: generate with fake: loading status, flagged statements, no fallback banner
    ok 4 - generate with fake: loading status, flagged statements, no fallback banner
      ---
      duration_ms: 176.168822
      type: 'test'
      ...
    # Subtest: citation chip highlights, focuses and announces the source line
    ok 5 - citation chip highlights, focuses and announces the source line
      ---
      duration_ms: 179.019046
      type: 'test'
      ...
    # Subtest: keyboard: skip link, chips, Edit, Save reachable; focus outline >= 2px
    ok 6 - keyboard: skip link, chips, Edit, Save reachable; focus outline >= 2px
      ---
      duration_ms: 270.787455
      type: 'test'
      ...
    # Subtest: edit flagged statements to grounded text: flags clear, counter updates
    ok 7 - edit flagged statements to grounded text: flags clear, counter updates
      ---
      duration_ms: 393.018064
      type: 'test'
      ...
    # Subtest: second incident: flagged draft, XSS probe, fallback banner
    ok 8 - second incident: flagged draft, XSS probe, fallback banner
      ---
      duration_ms: 755.304416
      type: 'test'
      ...
    # Subtest: lead: publish disabled while flagged; enabled at zero flags; publish succeeds, read-only
    not ok 9 - lead: publish disabled while flagged; enabled at zero flags; publish succeeds, read-only
      ---
      duration_ms: 30169.885329
      type: 'test'
      location: '/mnt/sbx/work/test/browser/journey.test.js:355:13'
      failureType: 'testCodeFailure'
      error: |-
        page.waitForSelector: Timeout 30000ms exceeded.
        Call log:
        [2m  - waiting for locator('[data-testid="notes-input"]') to be visible[22m
        
      code: 'ERR_TEST_FAILURE'
      name: 'TimeoutError'
      stack: |-
        openIncident (/mnt/sbx/work/test/browser/journey.test.js:136:14)
        async TestContext.<anonymous> (/mnt/sbx/work/test/browser/journey.test.js:358:7)
        async TestContext.<anonymous> (/mnt/sbx/work/test/browser/journey.test.js:355:5)
      ...
    # Subtest: viewer reads the postmortem and highlights a citation
    not ok 10 - viewer reads the postmortem and highlights a citation
      ---
      duration_ms: 30006.020125
      type: 'test'
      location: '/mnt/sbx/work/test/browser/journey.test.js:377:13'
      failureType: 'testCodeFailure'
      error: |-
        page.fill: Timeout 30000ms exceeded.
        Call log:
        [2m  - waiting for locator('[data-testid="login-username"]')[22m
        
      code: 'ERR_TEST_FAILURE'
      name: 'TimeoutError'
      stack: |-
        signIn (/mnt/sbx/work/test/browser/journey.test.js:102:14)
        async TestContext.<anonymous> (/mnt/sbx/work/test/browser/journey.test.js:378:7)
        async TestContext.<anonymous> (/mnt/sbx/work/test/browser/journey.test.js:377:5)
      ...
    # Subtest: cross-team viewer sees the empty state
    not ok 11 - cross-team viewer sees the empty state
      ---
      duration_ms: 30006.005359
      type: 'test'
      location: '/mnt/sbx/work/test/browser/journey.test.js:391:13'
      failureType: 'testCodeFailure'
      error: |-
        page.fill: Timeout 30000ms exceeded.
        Call log:
        [2m  - waiting for locator('[data-testid="login-username"]')[22m
        
      code: 'ERR_TEST_FAILURE'
      name: 'TimeoutError'
      stack: |-
        signIn (/mnt/sbx/work/test/browser/journey.test.js:102:14)
        async TestContext.<anonymous> (/mnt/sbx/work/test/browser/journey.test.js:392:7)
        async TestContext.<anonymous> (/mnt/sbx/work/test/browser/journey.test.js:391:5)
      ...
    # Subtest: layout and a11y checks: overflow, contrast, touch targets
    ok 12 - layout and a11y checks: overflow, contrast, touch targets
      ---
      duration_ms: 1.606661
      type: 'test'
      ...
    # Subtest: no console errors, no failed requests, no dialogs
    ok 13 - no console errors, no failed requests, no dialogs
      ---
      duration_ms: 0.380423
      type: 'test'
      ...
    1..13
not ok 1 - browser journey at 360px
  ---
  duration_ms: 93682.510718
  type: 'test'
  location: '/mnt/sbx/work/test/browser/journey.test.js:197:3'
  failureType: 'subtestsFailed'
  error: '3 subtests failed'
  code: 'ERR_TEST_FAILURE'
  ...
# Subtest: browser journey at 1280px
    # Subtest: sign in: empty state and invalid password error
    ok 1 - sign in: empty state and invalid password error
      ---
      duration_ms: 381.752511
      type: 'test'
      ...
    # Subtest: create incident: inline validation then success
    ok 2 - create incident: inline validation then success
      ---
      duration_ms: 307.198706
      type: 'test'
      ...
    # Subtest: import notes: malformed error then success
    ok 3 - import notes: malformed error then success
      ---
      duration_ms: 399.831386
      type: 'test'
      ...
    # Subtest: generate with fake: loading status, flagged statements, no fallback banner
    ok 4 - generate with fake: loading status, flagged statements, no fallback banner
      ---
      duration_ms: 222.74825
      type: 'test'
      ...
    # Subtest: citation chip highlights, focuses and announces the source line
    ok 5 - citation chip highlights, focuses and announces the source line
      ---
      duration_ms: 215.798502
      type: 'test'
      ...
    # Subtest: keyboard: skip link, chips, Edit, Save reachable; focus outline >= 2px
    ok 6 - keyboard: skip link, chips, Edit, Save reachable; focus outline >= 2px
      ---
      duration_ms: 370.818972
      type: 'test'
      ...
    # Subtest: edit flagged statements to grounded text: flags clear, counter updates
    ok 7 - edit flagged statements to grounded text: flags clear, counter updates
      ---
      duration_ms: 446.267504
      type: 'test'
      ...
    # Subtest: second incident: flagged draft, XSS probe, fallback banner
    ok 8 - second incident: flagged draft, XSS probe, fallback banner
      ---
      duration_ms: 914.095499
      type: 'test'
      ...
    # Subtest: lead: publish disabled while flagged; enabled at zero flags; publish succeeds, read-only
    not ok 9 - lead: publish disabled while flagged; enabled at zero flags; publish succeeds, read-only
      ---
      duration_ms: 30170.216919
      type: 'test'
      location: '/mnt/sbx/work/test/browser/journey.test.js:355:13'
      failureType: 'testCodeFailure'
      error: |-
        page.waitForSelector: Timeout 30000ms exceeded.
        Call log:
        [2m  - waiting for locator('[data-testid="notes-input"]') to be visible[22m
        
      code: 'ERR_TEST_FAILURE'
      name: 'TimeoutError'
      stack: |-
        openIncident (/mnt/sbx/work/test/browser/journey.test.js:136:14)
        async TestContext.<anonymous> (/mnt/sbx/work/test/browser/journey.test.js:358:7)
        async TestContext.<anonymous> (/mnt/sbx/work/test/browser/journey.test.js:355:5)
      ...
    # Subtest: viewer reads the postmortem and highlights a citation
    not ok 10 - viewer reads the postmortem and highlights a citation
      ---
      duration_ms: 30004.361114
      type: 'test'
      location: '/mnt/sbx/work/test/browser/journey.test.js:377:13'
      failureType: 'testCodeFailure'
      error: |-
        page.fill: Timeout 30000ms exceeded.
        Call log:
        [2m  - waiting for locator('[data-testid="login-username"]')[22m
        
      code: 'ERR_TEST_FAILURE'
      name: 'TimeoutError'
      stack: |-
        signIn (/mnt/sbx/work/test/browser/journey.test.js:102:14)
        async TestContext.<anonymous> (/mnt/sbx/work/test/browser/journey.test.js:378:7)
        async TestContext.<anonymous> (/mnt/sbx/work/test/browser/journey.test.js:377:5)
      ...
    # Subtest: cross-team viewer sees the empty state
    not ok 11 - cross-team viewer sees the empty state
      ---
      duration_ms: 30005.245466
      type: 'test'
      location: '/mnt/sbx/work/test/browser/journey.test.js:391:13'
      failureType: 'testCodeFailure'
      error: |-
        page.fill: Timeout 30000ms exceeded.
        Call log:
        [2m  - waiting for locator('[data-testid="login-username"]')[22m
        
      code: 'ERR_TEST_FAILURE'
      name: 'TimeoutError'
      stack: |-
        signIn (/mnt/sbx/work/test/browser/journey.test.js:102:14)
        async TestContext.<anonymous> (/mnt/sbx/work/test/browser/journey.test.js:392:7)
        async TestContext.<anonymous> (/mnt/sbx/work/test/browser/journey.test.js:391:5)
      ...
    # Subtest: layout and a11y checks: overflow, contrast, touch targets
    ok 12 - layout and a11y checks: overflow, contrast, touch targets
      ---
      duration_ms: 0.298262
      type: 'test'
      ...
    # Subtest: no console errors, no failed requests, no dialogs
    ok 13 - no console errors, no failed requests, no dialogs
      ---
      duration_ms: 0.100867
      type: 'test'
      ...
    1..13
not ok 2 - browser journey at 1280px
  ---
  duration_ms: 93488.67049
  type: 'test'
  location: '/mnt/sbx/work/test/browser/journey.test.js:197:3'
  failureType: 'subtestsFailed'
  error: '3 subtests failed'
  code: 'ERR_TEST_FAILURE'
  ...
1..2
# tests 28
# suites 0
# pass 20
# fail 8
# cancelled 0
# skipped 0
# todo 0
# duration_ms 187853.644265
