$ npm run test:browser
# cwd: .
# exit: 0

> groundwork@1.0.0 test:browser
> node --disable-warning=ExperimentalWarning --test --test-concurrency=1 test/browser/journey.test.js

TAP version 13
# Subtest: browser journey at 360px
    # Subtest: sign in: empty state and invalid password error
    ok 1 - sign in: empty state and invalid password error
      ---
      duration_ms: 433.486883
      type: 'test'
      ...
    # Subtest: create incident: inline validation then success
    ok 2 - create incident: inline validation then success
      ---
      duration_ms: 315.785251
      type: 'test'
      ...
    # Subtest: import notes: malformed error then success
    ok 3 - import notes: malformed error then success
      ---
      duration_ms: 394.606938
      type: 'test'
      ...
    # Subtest: generate with fake: loading status, flagged statements, no fallback banner
    ok 4 - generate with fake: loading status, flagged statements, no fallback banner
      ---
      duration_ms: 174.13011
      type: 'test'
      ...
    # Subtest: citation chip highlights, focuses and announces the source line
    ok 5 - citation chip highlights, focuses and announces the source line
      ---
      duration_ms: 150.580948
      type: 'test'
      ...
    # Subtest: keyboard: skip link, chips, Edit, Save reachable; focus outline >= 2px
    ok 6 - keyboard: skip link, chips, Edit, Save reachable; focus outline >= 2px
      ---
      duration_ms: 289.213917
      type: 'test'
      ...
    # Subtest: edit flagged statements to grounded text: flags clear, counter updates
    ok 7 - edit flagged statements to grounded text: flags clear, counter updates
      ---
      duration_ms: 391.210217
      type: 'test'
      ...
    # Subtest: second incident: flagged draft, XSS probe, fallback banner
    ok 8 - second incident: flagged draft, XSS probe, fallback banner
      ---
      duration_ms: 785.689243
      type: 'test'
      ...
    # Subtest: lead: publish disabled while flagged; enabled at zero flags; publish succeeds, read-only
    ok 9 - lead: publish disabled while flagged; enabled at zero flags; publish succeeds, read-only
      ---
      duration_ms: 529.324804
      type: 'test'
      ...
    # Subtest: viewer reads the postmortem and highlights a citation
    ok 10 - viewer reads the postmortem and highlights a citation
      ---
      duration_ms: 352.637965
      type: 'test'
      ...
    # Subtest: cross-team viewer sees the empty state
    ok 11 - cross-team viewer sees the empty state
      ---
      duration_ms: 384.392655
      type: 'test'
      ...
    # Subtest: layout and a11y checks: overflow, contrast, touch targets
    ok 12 - layout and a11y checks: overflow, contrast, touch targets
      ---
      duration_ms: 1.414625
      type: 'test'
      ...
    # Subtest: no console errors, no failed requests, no dialogs
    ok 13 - no console errors, no failed requests, no dialogs
      ---
      duration_ms: 0.325744
      type: 'test'
      ...
    1..13
ok 1 - browser journey at 360px
  ---
  duration_ms: 4722.972058
  type: 'test'
  ...
# Subtest: browser journey at 1280px
    # Subtest: sign in: empty state and invalid password error
    ok 1 - sign in: empty state and invalid password error
      ---
      duration_ms: 367.893595
      type: 'test'
      ...
    # Subtest: create incident: inline validation then success
    ok 2 - create incident: inline validation then success
      ---
      duration_ms: 305.028362
      type: 'test'
      ...
    # Subtest: import notes: malformed error then success
    ok 3 - import notes: malformed error then success
      ---
      duration_ms: 382.026292
      type: 'test'
      ...
    # Subtest: generate with fake: loading status, flagged statements, no fallback banner
    ok 4 - generate with fake: loading status, flagged statements, no fallback banner
      ---
      duration_ms: 218.137745
      type: 'test'
      ...
    # Subtest: citation chip highlights, focuses and announces the source line
    ok 5 - citation chip highlights, focuses and announces the source line
      ---
      duration_ms: 190.411089
      type: 'test'
      ...
    # Subtest: keyboard: skip link, chips, Edit, Save reachable; focus outline >= 2px
    ok 6 - keyboard: skip link, chips, Edit, Save reachable; focus outline >= 2px
      ---
      duration_ms: 354.280037
      type: 'test'
      ...
    # Subtest: edit flagged statements to grounded text: flags clear, counter updates
    ok 7 - edit flagged statements to grounded text: flags clear, counter updates
      ---
      duration_ms: 437.297129
      type: 'test'
      ...
    # Subtest: second incident: flagged draft, XSS probe, fallback banner
    ok 8 - second incident: flagged draft, XSS probe, fallback banner
      ---
      duration_ms: 876.789242
      type: 'test'
      ...
    # Subtest: lead: publish disabled while flagged; enabled at zero flags; publish succeeds, read-only
    ok 9 - lead: publish disabled while flagged; enabled at zero flags; publish succeeds, read-only
      ---
      duration_ms: 644.413441
      type: 'test'
      ...
    # Subtest: viewer reads the postmortem and highlights a citation
    ok 10 - viewer reads the postmortem and highlights a citation
      ---
      duration_ms: 396.104977
      type: 'test'
      ...
    # Subtest: cross-team viewer sees the empty state
    ok 11 - cross-team viewer sees the empty state
      ---
      duration_ms: 420.038848
      type: 'test'
      ...
    # Subtest: layout and a11y checks: overflow, contrast, touch targets
    ok 12 - layout and a11y checks: overflow, contrast, touch targets
      ---
      duration_ms: 0.146896
      type: 'test'
      ...
    # Subtest: no console errors, no failed requests, no dialogs
    ok 13 - no console errors, no failed requests, no dialogs
      ---
      duration_ms: 0.088057
      type: 'test'
      ...
    1..13
ok 2 - browser journey at 1280px
  ---
  duration_ms: 4630.365628
  type: 'test'
  ...
1..2
# tests 28
# suites 0
# pass 28
# fail 0
# cancelled 0
# skipped 0
# todo 0
# duration_ms 9588.575049
