$ node --disable-warning=ExperimentalWarning --test test/api/static.test.js
# cwd: .
# exit: 0
TAP version 13
# Subtest: index.html is served at / with security headers and a strict CSP
ok 1 - index.html is served at / with security headers and a strict CSP
  ---
  duration_ms: 94.301906
  type: 'test'
  ...
# Subtest: security headers are also on API responses, 404s and errors
ok 2 - security headers are also on API responses, 404s and errors
  ---
  duration_ms: 9.07748
  type: 'test'
  ...
# Subtest: js assets get the right content type; HEAD has no body
ok 3 - js assets get the right content type; HEAD has no body
  ---
  duration_ms: 8.623587
  type: 'test'
  ...
# Subtest: traversal attempts return the 404 envelope and never file contents
ok 4 - traversal attempts return the 404 envelope and never file contents
  ---
  duration_ms: 22.024199
  type: 'test'
  ...
# Subtest: resolveStatic unit: stays under root
ok 5 - resolveStatic unit: stays under root
  ---
  duration_ms: 0.261325
  type: 'test'
  ...
# Subtest: non-GET on static paths is 405 with Allow
ok 6 - non-GET on static paths is 405 with Allow
  ---
  duration_ms: 5.742365
  type: 'test'
  ...
# Subtest: missing public dir yields 404 envelope, not a crash
ok 7 - missing public dir yields 404 envelope, not a crash
  ---
  duration_ms: 8.328245
  type: 'test'
  ...
# Subtest: the real public/index.html (when present) has no inline script
ok 8 - the real public/index.html (when present) has no inline script
  ---
  duration_ms: 0.920382
  type: 'test'
  ...
1..8
# tests 8
# suites 0
# pass 8
# fail 0
# cancelled 0
# skipped 0
# todo 0
# duration_ms 284.892324
