$ npm run test:browser
# cwd: .
# exit: 0

> groundwork@1.0.0 test:browser
> node --disable-warning=ExperimentalWarning --test --test-concurrency=1 test/browser/journey.test.js

TAP version 13
# Subtest: browser journey at 360px
    # Subtest: sign in: empty state and invalid password error
    ok 1 - sign in: empty state and invalid password error
      ---
      duration_ms: 416.734394
      type: 'test'
      ...
    # Subtest: create incident: inline validation then success
    ok 2 - create incident: inline validation then success
      ---
      duration_ms: 313.529051
      type: 'test'
      ...
    # Subtest: import notes: malformed error then success
    ok 3 - import notes: malformed error then success
      ---
      duration_ms: 394.037286
      type: 'test'
      ...
    # Subtest: generate with fake: loading status, flagged statements, no fallback banner
    ok 4 - generate with fake: loading status, flagged statements, no fallback banner
      ---
      duration_ms: 177.561372
      type: 'test'
      ...
    # Subtest: citation chip highlights, focuses and announces the source line
    ok 5 - citation chip highlights, focuses and announces the source line
      ---
      duration_ms: 151.22912
      type: 'test'
      ...
    # Subtest: keyboard: skip link, chips, Edit, Save reachable; focus outline >= 2px
    ok 6 - keyboard: skip link, chips, Edit, Save reachable; focus outline >= 2px
      ---
      duration_ms: 286.934867
      type: 'test'
      ...
    # Subtest: edit flagged statements to grounded text: flags clear, counter updates
    ok 7 - edit flagged statements to grounded text: flags clear, counter updates
      ---
      duration_ms: 394.788252
      type: 'test'
      ...
    # Subtest: second incident: flagged draft, XSS probe, fallback banner
    ok 8 - second incident: flagged draft, XSS probe, fallback banner
      ---
      duration_ms: 785.141201
      type: 'test'
      ...
    # Subtest: lead: publish disabled while flagged; enabled at zero flags; publish succeeds, read-only
    ok 9 - lead: publish disabled while flagged; enabled at zero flags; publish succeeds, read-only
      ---
      duration_ms: 594.711513
      type: 'test'
      ...
    # Subtest: viewer reads the postmortem and highlights a citation
    ok 10 - viewer reads the postmortem and highlights a citation
      ---
      duration_ms: 370.33116
      type: 'test'
      ...
    # Subtest: cross-team viewer sees the empty state
    ok 11 - cross-team viewer sees the empty state
      ---
      duration_ms: 397.507386
      type: 'test'
      ...
    # Subtest: layout and a11y checks: overflow, contrast, touch targets
    ok 12 - layout and a11y checks: overflow, contrast, touch targets
      ---
      duration_ms: 1.474945
      type: 'test'
      ...
    # Subtest: no console errors, no failed requests, no dialogs
    ok 13 - no console errors, no failed requests, no dialogs
      ---
      duration_ms: 0.338162
      type: 'test'
      ...
    1..13
ok 1 - browser journey at 360px
  ---
  duration_ms: 4824.508125
  type: 'test'
  ...
# Subtest: browser journey at 1280px
    # Subtest: sign in: empty state and invalid password error
    ok 1 - sign in: empty state and invalid password error
      ---
      duration_ms: 399.508876
      type: 'test'
      ...
    # Subtest: create incident: inline validation then success
    ok 2 - create incident: inline validation then success
      ---
      duration_ms: 325.589756
      type: 'test'
      ...
    # Subtest: import notes: malformed error then success
    ok 3 - import notes: malformed error then success
      ---
      duration_ms: 421.843304
      type: 'test'
      ...
    # Subtest: generate with fake: loading status, flagged statements, no fallback banner
    ok 4 - generate with fake: loading status, flagged statements, no fallback banner
      ---
      duration_ms: 216.089376
      type: 'test'
      ...
    # Subtest: citation chip highlights, focuses and announces the source line
    ok 5 - citation chip highlights, focuses and announces the source line
      ---
      duration_ms: 194.001961
      type: 'test'
      ...
    # Subtest: keyboard: skip link, chips, Edit, Save reachable; focus outline >= 2px
    ok 6 - keyboard: skip link, chips, Edit, Save reachable; focus outline >= 2px
      ---
      duration_ms: 342.810702
      type: 'test'
      ...
    # Subtest: edit flagged statements to grounded text: flags clear, counter updates
    ok 7 - edit flagged statements to grounded text: flags clear, counter updates
      ---
      duration_ms: 443.086977
      type: 'test'
      ...
    # Subtest: second incident: flagged draft, XSS probe, fallback banner
    ok 8 - second incident: flagged draft, XSS probe, fallback banner
      ---
      duration_ms: 889.07245
      type: 'test'
      ...
    # Subtest: lead: publish disabled while flagged; enabled at zero flags; publish succeeds, read-only
    ok 9 - lead: publish disabled while flagged; enabled at zero flags; publish succeeds, read-only
      ---
      duration_ms: 748.141873
      type: 'test'
      ...
    # Subtest: viewer reads the postmortem and highlights a citation
    ok 10 - viewer reads the postmortem and highlights a citation
      ---
      duration_ms: 397.024919
      type: 'test'
      ...
    # Subtest: cross-team viewer sees the empty state
    ok 11 - cross-team viewer sees the empty state
      ---
      duration_ms: 435.850568
      type: 'test'
      ...
    # Subtest: layout and a11y checks: overflow, contrast, touch targets
    ok 12 - layout and a11y checks: overflow, contrast, touch targets
      ---
      duration_ms: 0.195589
      type: 'test'
      ...
    # Subtest: no console errors, no failed requests, no dialogs
    ok 13 - no console errors, no failed requests, no dialogs
      ---
      duration_ms: 0.117074
      type: 'test'
      ...
    1..13
ok 2 - browser journey at 1280px
  ---
  duration_ms: 4848.261766
  type: 'test'
  ...
1..2
# tests 28
# suites 0
# pass 28
# fail 0
# cancelled 0
# skipped 0
# todo 0
# duration_ms 9915.814835
