$ npm run test:browser
# cwd: .
# exit: 0

> groundwork@1.0.0 test:browser
> node --disable-warning=ExperimentalWarning --test --test-concurrency=1 test/browser/journey.test.js

TAP version 13
# Subtest: browser journey at 360px
    # Subtest: sign in: empty state and invalid password error
    ok 1 - sign in: empty state and invalid password error
      ---
      duration_ms: 687.9156
      type: 'test'
      ...
    # Subtest: create incident: inline validation then success
    ok 2 - create incident: inline validation then success
      ---
      duration_ms: 434.126826
      type: 'test'
      ...
    # Subtest: import notes: malformed error then success
    ok 3 - import notes: malformed error then success
      ---
      duration_ms: 537.520112
      type: 'test'
      ...
    # Subtest: generate with fake: loading status, flagged statements, no fallback banner
    ok 4 - generate with fake: loading status, flagged statements, no fallback banner
      ---
      duration_ms: 359.663533
      type: 'test'
      ...
    # Subtest: citation chip highlights, focuses and announces the source line
    ok 5 - citation chip highlights, focuses and announces the source line
      ---
      duration_ms: 262.399158
      type: 'test'
      ...
    # Subtest: keyboard: skip link, chips, Edit, Save reachable; focus outline >= 2px
    ok 6 - keyboard: skip link, chips, Edit, Save reachable; focus outline >= 2px
      ---
      duration_ms: 480.081293
      type: 'test'
      ...
    # Subtest: edit flagged statements to grounded text: flags clear, counter updates
    ok 7 - edit flagged statements to grounded text: flags clear, counter updates
      ---
      duration_ms: 564.794413
      type: 'test'
      ...
    # Subtest: second incident: flagged draft, XSS probe, fallback banner
    ok 8 - second incident: flagged draft, XSS probe, fallback banner
      ---
      duration_ms: 1269.524328
      type: 'test'
      ...
    # Subtest: lead: publish disabled while flagged; enabled at zero flags; publish succeeds, read-only
    ok 9 - lead: publish disabled while flagged; enabled at zero flags; publish succeeds, read-only
      ---
      duration_ms: 964.924509
      type: 'test'
      ...
    # Subtest: viewer reads the postmortem and highlights a citation
    ok 10 - viewer reads the postmortem and highlights a citation
      ---
      duration_ms: 593.837622
      type: 'test'
      ...
    # Subtest: cross-team viewer sees the empty state
    ok 11 - cross-team viewer sees the empty state
      ---
      duration_ms: 835.544524
      type: 'test'
      ...
    # Subtest: layout and a11y checks: overflow, contrast, touch targets
    ok 12 - layout and a11y checks: overflow, contrast, touch targets
      ---
      duration_ms: 0.410932
      type: 'test'
      ...
    # Subtest: no console errors, no failed requests, no dialogs
    ok 13 - no console errors, no failed requests, no dialogs
      ---
      duration_ms: 0.585374
      type: 'test'
      ...
    1..13
ok 1 - browser journey at 360px
  ---
  duration_ms: 8102.662078
  type: 'test'
  ...
# Subtest: browser journey at 1280px
    # Subtest: sign in: empty state and invalid password error
    ok 1 - sign in: empty state and invalid password error
      ---
      duration_ms: 550.703243
      type: 'test'
      ...
    # Subtest: create incident: inline validation then success
    ok 2 - create incident: inline validation then success
      ---
      duration_ms: 552.60038
      type: 'test'
      ...
    # Subtest: import notes: malformed error then success
    ok 3 - import notes: malformed error then success
      ---
      duration_ms: 655.62598
      type: 'test'
      ...
    # Subtest: generate with fake: loading status, flagged statements, no fallback banner
    ok 4 - generate with fake: loading status, flagged statements, no fallback banner
      ---
      duration_ms: 628.343881
      type: 'test'
      ...
    # Subtest: citation chip highlights, focuses and announces the source line
    ok 5 - citation chip highlights, focuses and announces the source line
      ---
      duration_ms: 417.565158
      type: 'test'
      ...
    # Subtest: keyboard: skip link, chips, Edit, Save reachable; focus outline >= 2px
    ok 6 - keyboard: skip link, chips, Edit, Save reachable; focus outline >= 2px
      ---
      duration_ms: 730.636474
      type: 'test'
      ...
    # Subtest: edit flagged statements to grounded text: flags clear, counter updates
    ok 7 - edit flagged statements to grounded text: flags clear, counter updates
      ---
      duration_ms: 638.007668
      type: 'test'
      ...
    # Subtest: second incident: flagged draft, XSS probe, fallback banner
    ok 8 - second incident: flagged draft, XSS probe, fallback banner
      ---
      duration_ms: 1451.965058
      type: 'test'
      ...
    # Subtest: lead: publish disabled while flagged; enabled at zero flags; publish succeeds, read-only
    ok 9 - lead: publish disabled while flagged; enabled at zero flags; publish succeeds, read-only
      ---
      duration_ms: 945.717872
      type: 'test'
      ...
    # Subtest: viewer reads the postmortem and highlights a citation
    ok 10 - viewer reads the postmortem and highlights a citation
      ---
      duration_ms: 577.649509
      type: 'test'
      ...
    # Subtest: cross-team viewer sees the empty state
    ok 11 - cross-team viewer sees the empty state
      ---
      duration_ms: 571.766411
      type: 'test'
      ...
    # Subtest: layout and a11y checks: overflow, contrast, touch targets
    ok 12 - layout and a11y checks: overflow, contrast, touch targets
      ---
      duration_ms: 0.259773
      type: 'test'
      ...
    # Subtest: no console errors, no failed requests, no dialogs
    ok 13 - no console errors, no failed requests, no dialogs
      ---
      duration_ms: 0.260613
      type: 'test'
      ...
    1..13
ok 2 - browser journey at 1280px
  ---
  duration_ms: 7778.983646
  type: 'test'
  ...
1..2
# tests 28
# suites 0
# pass 28
# fail 0
# cancelled 0
# skipped 0
# todo 0
# duration_ms 16330.978641
