$ node --test test/unit/verify/verifier.test.js test/unit/verify/normalize.test.js
# cwd: .
# exit: 0
TAP version 13
# Subtest: NFKC, case fold, whitespace
ok 1 - NFKC, case fold, whitespace
  ---
  duration_ms: 3.569773
  type: 'test'
  ...
# Subtest: times normalised, zone and seconds dropped
ok 2 - times normalised, zone and seconds dropped
  ---
  duration_ms: 0.357069
  type: 'test'
  ...
# Subtest: number words two..twelve; one only before a unit
ok 3 - number words two..twelve; one only before a unit
  ---
  duration_ms: 1.230004
  type: 'test'
  ...
# Subtest: thousands separators removed, decimals kept
ok 4 - thousands separators removed, decimals kept
  ---
  duration_ms: 0.279958
  type: 'test'
  ...
# Subtest: units split from digits
ok 5 - units split from digits
  ---
  duration_ms: 0.148475
  type: 'test'
  ...
# Subtest: idempotent
ok 6 - idempotent
  ---
  duration_ms: 0.198264
  type: 'test'
  ...
# Subtest: grounded statements verify
ok 7 - grounded statements verify
  ---
  duration_ms: 5.615542
  type: 'test'
  ...
# Subtest: NO_CITE stops further checks
ok 8 - NO_CITE stops further checks
  ---
  duration_ms: 0.199881
  type: 'test'
  ...
# Subtest: MISSING_LINE per bad number; stops if none exist, else continues
ok 9 - MISSING_LINE per bad number; stops if none exist, else continues
  ---
  duration_ms: 0.475339
  type: 'test'
  ...
# Subtest: TIME_NOT_IN_SOURCE, with time field and ISO ts as sources (DQ-1)
ok 10 - TIME_NOT_IN_SOURCE, with time field and ISO ts as sources (DQ-1)
  ---
  duration_ms: 0.283609
  type: 'test'
  ...
# Subtest: NUMBER_NOT_IN_SOURCE and units
ok 11 - NUMBER_NOT_IN_SOURCE and units
  ---
  duration_ms: 0.655666
  type: 'test'
  ...
# Subtest: NAME_NOT_IN_SOURCE rules (i)-(iv)
ok 12 - NAME_NOT_IN_SOURCE rules (i)-(iv)
  ---
  duration_ms: 0.986408
  type: 'test'
  ...
# Subtest: extraNames and author words are known names
ok 13 - extraNames and author words are known names
  ---
  duration_ms: 0.658256
  type: 'test'
  ...
# Subtest: WEAK_SUPPORT boundary: exactly 50% passes, below flags
ok 14 - WEAK_SUPPORT boundary: exactly 50% passes, below flags
  ---
  duration_ms: 0.216488
  type: 'test'
  ...
# Subtest: fabricated cause is flagged
ok 15 - fabricated cause is flagged
  ---
  duration_ms: 0.317525
  type: 'test'
  ...
# Subtest: union of cited lines supplies tokens
ok 16 - union of cited lines supplies tokens
  ---
  duration_ms: 1.095115
  type: 'test'
  ...
# Subtest: plural and stem matching
ok 17 - plural and stem matching
  ---
  duration_ms: 0.414256
  type: 'test'
  ...
# Subtest: pure, idempotent, no input mutation
ok 18 - pure, idempotent, no input mutation
  ---
  duration_ms: 1.024392
  type: 'test'
  ...
# Subtest: verifyDraft keeps sections and order
ok 19 - verifyDraft keeps sections and order
  ---
  duration_ms: 0.233006
  type: 'test'
  ...
# Subtest: stoplist is lower-case, unique and free of fact words
ok 20 - stoplist is lower-case, unique and free of fact words
  ---
  duration_ms: 0.652499
  type: 'test'
  ...
# Subtest: fallback prefix words are stoplisted
ok 21 - fallback prefix words are stoplisted
  ---
  duration_ms: 0.201107
  type: 'test'
  ...
# Subtest: corpus: every fabrication flagged with expected code, no false flags
ok 22 - corpus: every fabrication flagged with expected code, no false flags
  ---
  duration_ms: 0.808373
  type: 'test'
  ...
# Subtest: benchmark: 2000-line context + 5000 verifications within budget
ok 23 - benchmark: 2000-line context + 5000 verifications within budget
  ---
  duration_ms: 142.409581
  type: 'test'
  ...
# Subtest: stem matches inflections but keeps distinct words apart
ok 24 - stem matches inflections but keeps distinct words apart
  ---
  duration_ms: 0.259134
  type: 'test'
  ...
# Subtest: sentence-initial -ly/-ing opener is not a name; an invented capitalised noun still is
ok 25 - sentence-initial -ly/-ing opener is not a name; an invented capitalised noun still is
  ---
  duration_ms: 0.281714
  type: 'test'
  ...
# Subtest: magnitude normalisation: 310k = 310 thousand = 0.31 million; a different amount is flagged
ok 26 - magnitude normalisation: 310k = 310 thousand = 0.31 million; a different amount is flagged
  ---
  duration_ms: 0.575461
  type: 'test'
  ...
# Subtest: place adjective derived from a source place is tolerated; an unrelated or invented one is flagged
ok 27 - place adjective derived from a source place is tolerated; an unrelated or invented one is flagged
  ---
  duration_ms: 0.789628
  type: 'test'
  ...
# Subtest: a long free-text author string does not turn stop words into known names
ok 28 - a long free-text author string does not turn stop words into known names
  ---
  duration_ms: 0.297361
  type: 'test'
  ...
# Subtest: reporting verbs are not content; invented content still weakens support
ok 29 - reporting verbs are not content; invented content still weakens support
  ---
  duration_ms: 0.390988
  type: 'test'
  ...
# Subtest: abbreviation: statement word extending a source word by 3+ letters is supported; short extension is not
ok 30 - abbreviation: statement word extending a source word by 3+ letters is supported; short extension is not
  ---
  duration_ms: 0.1459
  type: 'test'
  ...
1..30
# tests 30
# suites 0
# pass 30
# fail 0
# cancelled 0
# skipped 0
# todo 0
# duration_ms 262.598067
