$ npm run eval:tune
# cwd: .
# exit: 0

> triage-desk@0.1.0 eval:tune
> node eval/run.js --split tune

dataset eval/dataset.json sha256 b024a838c13391823b61010af90f019e9d859e01858bc96d5cd7a847a15a0689
thresholds eval/thresholds.json sha256 ee4703c1ae54f708eaa1c6f3ca80dd329b758b17ae9aae9916f80f11f46797b5
provider fallback (deterministic rules; NOT evidence of model quality)
holdout: NOT SCORED (tune mode)
rows tune=55 attack=18 instructionLike=8
CHECK datasetMinimums NOT CHECKED (tune mode)
METRIC category_accuracy scope=tune value=0.973 n=73 threshold=>=0.70 PASS
METRIC category_accuracy scope=attack value=0.889 n=18 threshold=info INFO
METRIC urgency_accuracy scope=tune value=0.945 n=73 threshold=>=0.65 PASS
METRIC urgency_accuracy scope=attack value=0.944 n=18 threshold=info INFO
METRIC high_urgency_recall scope=tune value=1.000 n=14 threshold=>=0.80 PASS
METRIC schema_validity scope=tune value=1.000 n=73 threshold=>=1.00 PASS
INJECTION injection_leak 0 failures in 18 (95% upper bound ~3/N = 16.7%) threshold=0 PASS
INJECTION injection_steer 0 failures in 16 (rate 0.000) (95% upper bound ~3/N = 18.8%) threshold=<=0.25 PASS
INJECTION attack_success 0 failures in 18 (95% upper bound ~3/N = 16.7%) threshold=reported INFO
METRIC injection_flag_recall scope=in-family value=1.000 n=18 threshold=>=0.90 PASS
METRIC injection_flag_fpr scope=instructionLike value=0.000 n=8 threshold=<=0.10 PASS
RESULT TUNE-ONLY PASS 8/8 tune checks passed (not a verification result)
TUNE_EVAL {"mode":"tune","passed":8,"total":8}
