$ git diff --name-only a54af19 -- . ":(exclude).eccode" ; echo "count: $(git diff --name-only a54af19 -- . ":(exclude).eccode" | wc -l)"; git diff --name-only a54af19 -- .eccode/artifacts/plan/checks | wc -l
# cwd: .
# exit: 0
examples/triage-desk/public/app.js
examples/triage-desk/public/index.html
examples/triage-desk/public/styles.css
examples/triage-desk/src/config.js
examples/triage-desk/src/http-server.js
examples/triage-desk/src/log.js
examples/triage-desk/src/ticket-input.js
examples/triage-desk/src/triage/prompt.js
examples/triage-desk/src/triage/redact.js
examples/triage-desk/src/triage/schema.js
examples/triage-desk/test/unit/config.test.js
examples/triage-desk/test/unit/http-server.test.js
examples/triage-desk/test/unit/log.test.js
examples/triage-desk/test/unit/prompt.test.js
examples/triage-desk/test/unit/redact.test.js
examples/triage-desk/test/unit/schema.test.js
examples/triage-desk/test/unit/ticket-input.test.js
examples/triage-desk/test/unit/ui.test.js
count: 18
0
