$ /opt/node20/bin/node --test /home/user/ECCode/tests/regression-risk-update.test.js
# cwd: .
# exit: 0
TAP version 13
# Subtest: risk update with only --status keeps title, severity, mitigation and owner
ok 1 - risk update with only --status keeps title, severity, mitigation and owner
  ---
  duration_ms: 871.736648
  ...
# Subtest: materialized state equals the state rebuilt by replaying events.jsonl
ok 2 - materialized state equals the state rebuilt by replaying events.jsonl
  ---
  duration_ms: 414.655622
  ...
# Subtest: Store.commit: in-process reduction matches replay when data contains undefined values (any event type)
ok 3 - Store.commit: in-process reduction matches replay when data contains undefined values (any event type)
  ---
  duration_ms: 116.642233
  ...
1..3
# tests 3
# suites 0
# pass 3
# fail 0
# cancelled 0
# skipped 0
# todo 0
# duration_ms 1537.365797
