$ node --test test/unit/config.test.js test/unit/log.test.js test/unit/ticket-input.test.js test/unit/http-server.test.js
# cwd: .
# exit: 1
TAP version 13
# node:internal/modules/cjs/loader:1386
#   throw err;
#   ^
# Error: Cannot find module '../../src/config.js'
# Require stack:
# - /home/user/ECCode/examples/triage-desk/test/unit/config.test.js
#     at Function._resolveFilename (node:internal/modules/cjs/loader:1383:15)
#     at defaultResolveImpl (node:internal/modules/cjs/loader:1025:19)
#     at resolveForCJSWithHooks (node:internal/modules/cjs/loader:1030:22)
#     at Function._load (node:internal/modules/cjs/loader:1192:37)
#     at TracingChannel.traceSync (node:diagnostics_channel:328:14)
#     at wrapModuleLoad (node:internal/modules/cjs/loader:237:24)
#     at Module.require (node:internal/modules/cjs/loader:1463:12)
#     at require (node:internal/modules/helpers:147:16)
#     at Object.<anonymous> (/home/user/ECCode/examples/triage-desk/test/unit/config.test.js:9:37)
#     at Module._compile (node:internal/modules/cjs/loader:1706:14) {
#   code: 'MODULE_NOT_FOUND',
#   requireStack: [ '/home/user/ECCode/examples/triage-desk/test/unit/config.test.js' ]
# }
# Node.js v22.22.0
# Subtest: test/unit/config.test.js
not ok 1 - test/unit/config.test.js
  ---
  duration_ms: 58.122429
  type: 'test'
  location: '/home/user/ECCode/examples/triage-desk/test/unit/config.test.js:1:1'
  failureType: 'testCodeFailure'
  exitCode: 1
  signal: ~
  error: 'test failed'
  code: 'ERR_TEST_FAILURE'
  ...
# node:internal/modules/cjs/loader:1386
#   throw err;
#   ^
# Error: Cannot find module '../../src/http-server.js'
# Require stack:
# - /home/user/ECCode/examples/triage-desk/test/unit/http-server.test.js
#     at Function._resolveFilename (node:internal/modules/cjs/loader:1383:15)
#     at defaultResolveImpl (node:internal/modules/cjs/loader:1025:19)
#     at resolveForCJSWithHooks (node:internal/modules/cjs/loader:1030:22)
#     at Function._load (node:internal/modules/cjs/loader:1192:37)
#     at TracingChannel.traceSync (node:diagnostics_channel:328:14)
#     at wrapModuleLoad (node:internal/modules/cjs/loader:237:24)
#     at Module.require (node:internal/modules/cjs/loader:1463:12)
#     at require (node:internal/modules/helpers:147:16)
#     at Object.<anonymous> (/home/user/ECCode/examples/triage-desk/test/unit/http-server.test.js:12:26)
#     at Module._compile (node:internal/modules/cjs/loader:1706:14) {
#   code: 'MODULE_NOT_FOUND',
#   requireStack: [
#     '/home/user/ECCode/examples/triage-desk/test/unit/http-server.test.js'
#   ]
# }
# Node.js v22.22.0
# Subtest: test/unit/http-server.test.js
not ok 2 - test/unit/http-server.test.js
  ---
  duration_ms: 59.374149
  type: 'test'
  location: '/home/user/ECCode/examples/triage-desk/test/unit/http-server.test.js:1:1'
  failureType: 'testCodeFailure'
  exitCode: 1
  signal: ~
  error: 'test failed'
  code: 'ERR_TEST_FAILURE'
  ...
# node:internal/modules/cjs/loader:1386
#   throw err;
#   ^
# Error: Cannot find module '../../src/log.js'
# Require stack:
# - /home/user/ECCode/examples/triage-desk/test/unit/log.test.js
#     at Function._resolveFilename (node:internal/modules/cjs/loader:1383:15)
#     at defaultResolveImpl (node:internal/modules/cjs/loader:1025:19)
#     at resolveForCJSWithHooks (node:internal/modules/cjs/loader:1030:22)
#     at Function._load (node:internal/modules/cjs/loader:1192:37)
#     at TracingChannel.traceSync (node:diagnostics_channel:328:14)
#     at wrapModuleLoad (node:internal/modules/cjs/loader:237:24)
#     at Module.require (node:internal/modules/cjs/loader:1463:12)
#     at require (node:internal/modules/helpers:147:16)
#     at Object.<anonymous> (/home/user/ECCode/examples/triage-desk/test/unit/log.test.js:6:26)
#     at Module._compile (node:internal/modules/cjs/loader:1706:14) {
#   code: 'MODULE_NOT_FOUND',
#   requireStack: [ '/home/user/ECCode/examples/triage-desk/test/unit/log.test.js' ]
# }
# Node.js v22.22.0
# Subtest: test/unit/log.test.js
not ok 3 - test/unit/log.test.js
  ---
  duration_ms: 54.253857
  type: 'test'
  location: '/home/user/ECCode/examples/triage-desk/test/unit/log.test.js:1:1'
  failureType: 'testCodeFailure'
  exitCode: 1
  signal: ~
  error: 'test failed'
  code: 'ERR_TEST_FAILURE'
  ...
# node:internal/modules/cjs/loader:1386
#   throw err;
#   ^
# Error: Cannot find module '../../src/ticket-input.js'
# Require stack:
# - /home/user/ECCode/examples/triage-desk/test/unit/ticket-input.test.js
#     at Function._resolveFilename (node:internal/modules/cjs/loader:1383:15)
#     at defaultResolveImpl (node:internal/modules/cjs/loader:1025:19)
#     at resolveForCJSWithHooks (node:internal/modules/cjs/loader:1030:22)
#     at Function._load (node:internal/modules/cjs/loader:1192:37)
#     at TracingChannel.traceSync (node:diagnostics_channel:328:14)
#     at wrapModuleLoad (node:internal/modules/cjs/loader:237:24)
#     at Module.require (node:internal/modules/cjs/loader:1463:12)
#     at require (node:internal/modules/helpers:147:16)
#     at Object.<anonymous> (/home/user/ECCode/examples/triage-desk/test/unit/ticket-input.test.js:6:33)
#     at Module._compile (node:internal/modules/cjs/loader:1706:14) {
#   code: 'MODULE_NOT_FOUND',
#   requireStack: [
#     '/home/user/ECCode/examples/triage-desk/test/unit/ticket-input.test.js'
#   ]
# }
# Node.js v22.22.0
# Subtest: test/unit/ticket-input.test.js
not ok 4 - test/unit/ticket-input.test.js
  ---
  duration_ms: 45.908985
  type: 'test'
  location: '/home/user/ECCode/examples/triage-desk/test/unit/ticket-input.test.js:1:1'
  failureType: 'testCodeFailure'
  exitCode: 1
  signal: ~
  error: 'test failed'
  code: 'ERR_TEST_FAILURE'
  ...
1..4
# tests 4
# suites 0
# pass 0
# fail 4
# cancelled 0
# skipped 0
# todo 0
# duration_ms 113.070674
