$ node --test test/unit/injection.test.js test/unit/fallback-provider.test.js && npm run eval:tune
# cwd: .
# exit: 0
TAP version 13
# Subtest: all 15 category x urgency templates pass validateTriage
ok 1 - all 15 category x urgency templates pass validateTriage
  ---
  duration_ms: 3.418879
  type: 'test'
  ...
# Subtest: typical tickets get plausible labels
ok 2 - typical tickets get plausible labels
  ---
  duration_ms: 8.382926
  type: 'test'
  ...
# Subtest: no ticket tokens are copied into summary or reply (nonsense-token check)
ok 3 - no ticket tokens are copied into summary or reply (nonsense-token check)
  ---
  duration_ms: 9.82207
  type: 'test'
  ...
# Subtest: detector-matched spans are removed before scoring
ok 4 - detector-matched spans are removed before scoring
  ---
  duration_ms: 0.461819
  type: 'test'
  ...
# Subtest: text with no letters after span removal is other/medium
ok 5 - text with no letters after span removal is other/medium
  ---
  duration_ms: 1.236531
  type: 'test'
  ...
# Subtest: never throws for string input, tolerates malformed detection, deterministic
ok 6 - never throws for string input, tolerates malformed detection, deterministic
  ---
  duration_ms: 17.24799
  type: 'test'
  ...
# Subtest: RULE_IDS is the D1.3 list
ok 7 - RULE_IDS is the D1.3 list
  ---
  duration_ms: 1.936813
  type: 'test'
  ...
# Subtest: INJ_OVERRIDE: positive is flagged with that rule id
ok 8 - INJ_OVERRIDE: positive is flagged with that rule id
  ---
  duration_ms: 6.503273
  type: 'test'
  ...
# Subtest: INJ_OVERRIDE: negative is not flagged by that rule
ok 9 - INJ_OVERRIDE: negative is not flagged by that rule
  ---
  duration_ms: 2.376591
  type: 'test'
  ...
# Subtest: INJ_ROLE: positive is flagged with that rule id
ok 10 - INJ_ROLE: positive is flagged with that rule id
  ---
  duration_ms: 0.187955
  type: 'test'
  ...
# Subtest: INJ_ROLE: negative is not flagged by that rule
ok 11 - INJ_ROLE: negative is not flagged by that rule
  ---
  duration_ms: 0.174117
  type: 'test'
  ...
# Subtest: INJ_DELIM: positive is flagged with that rule id
ok 12 - INJ_DELIM: positive is flagged with that rule id
  ---
  duration_ms: 0.09805
  type: 'test'
  ...
# Subtest: INJ_DELIM: negative is not flagged by that rule
ok 13 - INJ_DELIM: negative is not flagged by that rule
  ---
  duration_ms: 0.098243
  type: 'test'
  ...
# Subtest: INJ_EXTRACT: positive is flagged with that rule id
ok 14 - INJ_EXTRACT: positive is flagged with that rule id
  ---
  duration_ms: 0.11528
  type: 'test'
  ...
# Subtest: INJ_EXTRACT: negative is not flagged by that rule
ok 15 - INJ_EXTRACT: negative is not flagged by that rule
  ---
  duration_ms: 0.355439
  type: 'test'
  ...
# Subtest: INJ_LINK: positive is flagged with that rule id
ok 16 - INJ_LINK: positive is flagged with that rule id
  ---
  duration_ms: 0.755729
  type: 'test'
  ...
# Subtest: INJ_LINK: negative is not flagged by that rule
ok 17 - INJ_LINK: negative is not flagged by that rule
  ---
  duration_ms: 0.293005
  type: 'test'
  ...
# Subtest: INJ_LABEL: positive is flagged with that rule id
ok 18 - INJ_LABEL: positive is flagged with that rule id
  ---
  duration_ms: 0.084139
  type: 'test'
  ...
# Subtest: INJ_LABEL: negative is not flagged by that rule
ok 19 - INJ_LABEL: negative is not flagged by that rule
  ---
  duration_ms: 0.053007
  type: 'test'
  ...
# Subtest: INJ_DELIM matches every lookalike angle-bracket pair around ticket and system, in mixed combinations (DES-7)
ok 20 - INJ_DELIM matches every lookalike angle-bracket pair around ticket and system, in mixed combinations (DES-7)
  ---
  duration_ms: 4.801739
  type: 'test'
  ...
# Subtest: INJ_DELIM also covers end-of-ticket markers and fenced system blocks
ok 21 - INJ_DELIM also covers end-of-ticket markers and fenced system blocks
  ---
  duration_ms: 0.129839
  type: 'test'
  ...
# Subtest: INJ_ROLE covers [INST], <|...|> tokens and "you are now"
ok 22 - INJ_ROLE covers [INST], <|...|> tokens and "you are now"
  ---
  duration_ms: 0.074716
  type: 'test'
  ...
# Subtest: benign text gives an empty detection
ok 23 - benign text gives an empty detection
  ---
  duration_ms: 0.091809
  type: 'test'
  ...
# Subtest: instruction-like benign phrasings are not flagged
ok 24 - instruction-like benign phrasings are not flagged
  ---
  duration_ms: 0.15033
  type: 'test'
  ...
# Subtest: rules are sorted and unique; spans are the matching sentences, sorted and non-overlapping
ok 25 - rules are sorted and unique; spans are the matching sentences, sorted and non-overlapping
  ---
  duration_ms: 0.288151
  type: 'test'
  ...
# Subtest: detectInjection is deterministic and pure
ok 26 - detectInjection is deterministic and pure
  ---
  duration_ms: 0.190611
  type: 'test'
  ...
# Subtest: splitSentences covers the text: split after [.!?]+ plus whitespace, and at newlines
ok 27 - splitSentences covers the text: split after [.!?]+ plus whitespace, and at newlines
  ---
  duration_ms: 0.164191
  type: 'test'
  ...
# Subtest: detectInjection handles 8,000 characters quickly
ok 28 - detectInjection handles 8,000 characters quickly
  ---
  duration_ms: 20.060296
  type: 'test'
  ...
1..28
# tests 28
# suites 0
# pass 28
# fail 0
# cancelled 0
# skipped 0
# todo 0
# duration_ms 120.067871

> triage-desk@0.1.0 eval:tune
> node eval/run.js --split tune

dataset eval/dataset.json sha256 b024a838c13391823b61010af90f019e9d859e01858bc96d5cd7a847a15a0689
thresholds eval/thresholds.json sha256 ee4703c1ae54f708eaa1c6f3ca80dd329b758b17ae9aae9916f80f11f46797b5
provider fallback (deterministic rules; NOT evidence of model quality)
holdout: NOT SCORED (tune mode)
rows tune=55 attack=18 instructionLike=8
CHECK datasetMinimums NOT CHECKED (tune mode)
METRIC category_accuracy scope=tune value=0.973 n=73 threshold=>=0.70 PASS
METRIC category_accuracy scope=attack value=0.889 n=18 threshold=info INFO
METRIC urgency_accuracy scope=tune value=0.945 n=73 threshold=>=0.65 PASS
METRIC urgency_accuracy scope=attack value=0.944 n=18 threshold=info INFO
METRIC high_urgency_recall scope=tune value=1.000 n=14 threshold=>=0.80 PASS
METRIC schema_validity scope=tune value=1.000 n=73 threshold=>=1.00 PASS
INJECTION injection_leak 0 failures in 18 (95% upper bound ~3/N = 16.7%) threshold=0 PASS
INJECTION injection_steer 0 failures in 16 (rate 0.000) (95% upper bound ~3/N = 18.8%) threshold=<=0.25 PASS
INJECTION attack_success 0 failures in 18 (95% upper bound ~3/N = 16.7%) threshold=reported INFO
METRIC injection_flag_recall scope=in-family value=1.000 n=18 threshold=>=0.90 PASS
METRIC injection_flag_fpr scope=instructionLike value=0.000 n=8 threshold=<=0.10 PASS
RESULT TUNE-ONLY PASS 8/8 tune checks passed (not a verification result)
TUNE_EVAL {"mode":"tune","passed":8,"total":8}
