$ node --test test/unit/injection.test.js test/unit/fallback-provider.test.js
# cwd: .
# exit: 1
TAP version 13
# node:internal/modules/cjs/loader:1386
#   throw err;
#   ^
# Error: Cannot find module '../../src/triage/fallback-provider.js'
# Require stack:
# - /home/user/ECCode/examples/triage-desk/test/unit/fallback-provider.test.js
#     at Function._resolveFilename (node:internal/modules/cjs/loader:1383:15)
#     at defaultResolveImpl (node:internal/modules/cjs/loader:1025:19)
#     at resolveForCJSWithHooks (node:internal/modules/cjs/loader:1030:22)
#     at Function._load (node:internal/modules/cjs/loader:1192:37)
#     at TracingChannel.traceSync (node:diagnostics_channel:328:14)
#     at wrapModuleLoad (node:internal/modules/cjs/loader:237:24)
#     at Module.require (node:internal/modules/cjs/loader:1463:12)
#     at require (node:internal/modules/helpers:147:16)
#     at Object.<anonymous> (/home/user/ECCode/examples/triage-desk/test/unit/fallback-provider.test.js:5:42)
#     at Module._compile (node:internal/modules/cjs/loader:1706:14) {
#   code: 'MODULE_NOT_FOUND',
#   requireStack: [
#     '/home/user/ECCode/examples/triage-desk/test/unit/fallback-provider.test.js'
#   ]
# }
# Node.js v22.22.0
# Subtest: test/unit/fallback-provider.test.js
not ok 1 - test/unit/fallback-provider.test.js
  ---
  duration_ms: 64.407849
  type: 'test'
  location: '/home/user/ECCode/examples/triage-desk/test/unit/fallback-provider.test.js:1:1'
  failureType: 'testCodeFailure'
  exitCode: 1
  signal: ~
  error: 'test failed'
  code: 'ERR_TEST_FAILURE'
  ...
# node:internal/modules/cjs/loader:1386
#   throw err;
#   ^
# Error: Cannot find module '../../src/triage/injection.js'
# Require stack:
# - /home/user/ECCode/examples/triage-desk/test/unit/injection.test.js
#     at Function._resolveFilename (node:internal/modules/cjs/loader:1383:15)
#     at defaultResolveImpl (node:internal/modules/cjs/loader:1025:19)
#     at resolveForCJSWithHooks (node:internal/modules/cjs/loader:1030:22)
#     at Function._load (node:internal/modules/cjs/loader:1192:37)
#     at TracingChannel.traceSync (node:diagnostics_channel:328:14)
#     at wrapModuleLoad (node:internal/modules/cjs/loader:237:24)
#     at Module.require (node:internal/modules/cjs/loader:1463:12)
#     at require (node:internal/modules/helpers:147:16)
#     at Object.<anonymous> (/home/user/ECCode/examples/triage-desk/test/unit/injection.test.js:6:55)
#     at Module._compile (node:internal/modules/cjs/loader:1706:14) {
#   code: 'MODULE_NOT_FOUND',
#   requireStack: [
#     '/home/user/ECCode/examples/triage-desk/test/unit/injection.test.js'
#   ]
# }
# Node.js v22.22.0
# Subtest: test/unit/injection.test.js
not ok 2 - test/unit/injection.test.js
  ---
  duration_ms: 62.068712
  type: 'test'
  location: '/home/user/ECCode/examples/triage-desk/test/unit/injection.test.js:1:1'
  failureType: 'testCodeFailure'
  exitCode: 1
  signal: ~
  error: 'test failed'
  code: 'ERR_TEST_FAILURE'
  ...
1..2
# tests 2
# suites 0
# pass 0
# fail 2
# cancelled 0
# skipped 0
# todo 0
# duration_ms 77.265127
