$ node --test test/unit/ui.test.js
# cwd: .
# exit: 0
TAP version 13
# Subtest: C6.6: app.js exports exactly the four helpers under Node
ok 1 - C6.6: app.js exports exactly the four helpers under Node
  ---
  duration_ms: 2.269554
  type: 'test'
  ...
# Subtest: D1.5: fallbackReasonText gives the exact text for all six codes
ok 2 - D1.5: fallbackReasonText gives the exact text for all six codes
  ---
  duration_ms: 0.295379
  type: 'test'
  ...
# Subtest: AC5: sourceLabel for a model result
ok 3 - AC5: sourceLabel for a model result
  ---
  duration_ms: 0.165181
  type: 'test'
  ...
# Subtest: AC5: sourceLabel for every fallback reason says "not AI-generated" with code and text
ok 4 - AC5: sourceLabel for every fallback reason says "not AI-generated" with code and text
  ---
  duration_ms: 0.329207
  type: 'test'
  ...
# Subtest: AC5: anything that is not source "model" is never labelled as AI output
ok 5 - AC5: anything that is not source "model" is never labelled as AI output
  ---
  duration_ms: 0.280785
  type: 'test'
  ...
# Subtest: §Frontend error table: errorMessage
ok 6 - §Frontend error table: errorMessage
  ---
  duration_ms: 0.203228
  type: 'test'
  ...
# Subtest: modeBadgeText for live, fallback and failed health
ok 7 - modeBadgeText for live, fallback and failed health
  ---
  duration_ms: 0.227853
  type: 'test'
  ...
# Subtest: public/ contains exactly index.html, app.js and styles.css (C4 serves only these)
ok 8 - public/ contains exactly index.html, app.js and styles.css (C4 serves only these)
  ---
  duration_ms: 0.60173
  type: 'test'
  ...
# Subtest: AC11: no HTML sinks or dynamic code evaluation anywhere in public/
ok 9 - AC11: no HTML sinks or dynamic code evaluation anywhere in public/
  ---
  duration_ms: 1.094743
  type: 'test'
  ...
# Subtest: CSP: index.html has no inline script, inline style or event-handler attributes
ok 10 - CSP: index.html has no inline script, inline style or event-handler attributes
  ---
  duration_ms: 1.591846
  type: 'test'
  ...
# Subtest: AC6: the only network requests are fetch('/api/health') and fetch('/api/triage')
ok 11 - AC6: the only network requests are fetch('/api/health') and fetch('/api/triage')
  ---
  duration_ms: 0.713654
  type: 'test'
  ...
# Subtest: AC15/NFR6: index.html structure, labels and live regions
ok 12 - AC15/NFR6: index.html structure, labels and live regions
  ---
  duration_ms: 1.801997
  type: 'test'
  ...
# Subtest: AC16/NFR4: the live-mode notice text is verbatim; the warning text is exact
ok 13 - AC16/NFR4: the live-mode notice text is verbatim; the warning text is exact
  ---
  duration_ms: 0.332013
  type: 'test'
  ...
# Subtest: NFR6: colour tokens in styles.css meet the spec values and WCAG AA
ok 14 - NFR6: colour tokens in styles.css meet the spec values and WCAG AA
  ---
  duration_ms: 0.734883
  type: 'test'
  ...
# Subtest: load: fallback health sets the badge and keeps the live notice hidden
ok 15 - load: fallback health sets the badge and keeps the live notice hidden
  ---
  duration_ms: 14.515724
  type: 'test'
  ...
# Subtest: load: live health shows the live badge and the NFR4 notice
ok 16 - load: live health shows the live badge and the NFR4 notice
  ---
  duration_ms: 1.820733
  type: 'test'
  ...
# Subtest: load: failed health (network error, 500, bad JSON) gives "Mode unknown"
ok 17 - load: failed health (network error, 500, bad JSON) gives "Mode unknown"
  ---
  duration_ms: 3.326016
  type: 'test'
  ...
# Subtest: character counter updates on input
ok 18 - character counter updates on input
  ---
  duration_ms: 1.771555
  type: 'test'
  ...
# Subtest: client validation: whitespace-only ticket sends no request and keeps focus on the textarea
ok 19 - client validation: whitespace-only ticket sends no request and keeps focus on the textarea
  ---
  duration_ms: 2.20658
  type: 'test'
  ...
# Subtest: loading then success: request shape, busy state, rendering and announcement
ok 20 - loading then success: request shape, busy state, rendering and announcement
  ---
  duration_ms: 2.535006
  type: 'test'
  ...
# Subtest: success with fallback + injection: label says not AI-generated and the warning is shown
ok 21 - success with fallback + injection: label says not AI-generated and the warning is shown
  ---
  duration_ms: 2.205692
  type: 'test'
  ...
# Subtest: error states: server errors and network failure hide the old result and keep the ticket
ok 22 - error states: server errors and network failure hide the old result and keep the ticket
  ---
  duration_ms: 14.439823
  type: 'test'
  ...
# Subtest: Ctrl+Enter and Cmd+Enter in \#ticket submit; plain Enter does not
ok 23 - Ctrl+Enter and Cmd+Enter in \#ticket submit; plain Enter does not
  ---
  duration_ms: 2.404551
  type: 'test'
  ...
# Subtest: AC6: the reply is editable, Reset restores the original, Copy copies the current text
ok 24 - AC6: the reply is editable, Reset restores the original, Copy copies the current text
  ---
  duration_ms: 3.592521
  type: 'test'
  ...
# Subtest: copy failure (rejected or unavailable clipboard) tells the user how to copy manually
ok 25 - copy failure (rejected or unavailable clipboard) tells the user how to copy manually
  ---
  duration_ms: 2.49508
  type: 'test'
  ...
1..25
# tests 25
# suites 0
# pass 25
# fail 0
# cancelled 0
# skipped 0
# todo 0
# duration_ms 143.456123
