$ git -C . diff --stat a54af19 -- . ; git -C . status --short -- .
# cwd: .
# exit: 0
 .../triage-desk/.eccode/drafts/t04-des8-probe.js   |   21 +
 .../triage-desk/.eccode/drafts/t04-handoff.json    |   52 +
 .../.eccode/drafts/t05-redact-differential.js      |   30 +
 .../.eccode/drafts/t05-redact-handoff.json         |   30 +
 .../triage-desk/.eccode/drafts/t06-abort-probe.js  |   50 +
 .../triage-desk/.eccode/drafts/t06-handoff.json    |   54 +
 .../triage-desk/.eccode/drafts/t07-handoff.json    |   47 +
 .../.eccode/drafts/t07-ui-mutation-check.sh        |   25 +
 examples/triage-desk/.eccode/events.jsonl          |   65 +
 .../.eccode/evidence/ev-muyot68l-0195349a.log      |    6 +
 .../.eccode/evidence/ev-muyot988-015b069e.log      |   77 +
 .../.eccode/evidence/ev-muyourms-01cf7af3.log      |    4 +
 .../.eccode/evidence/ev-muyouvn6-010a60ad.log      |  337 +++++
 .../.eccode/evidence/ev-muyoux7a-0111e04d.log      |  573 +++++++
 .../.eccode/evidence/ev-muyov7fz-017b9cd0.log      |  471 ++++++
 .../.eccode/evidence/ev-muyovjfx-011d3616.log      |  145 ++
 .../.eccode/evidence/ev-muyozhld-016a0617.log      |  709 +++++++++
 .../.eccode/evidence/ev-muyozkrq-015ef6ee.log      |    8 +
 .../.eccode/evidence/ev-muyozl1r-0101ef18.log      |    4 +
 .../.eccode/evidence/ev-muyozm6d-01e519fa.log      |  147 ++
 .../.eccode/evidence/ev-muyozywx-01930f5a.log      | 1163 +++++++++++++++
 .../.eccode/evidence/ev-muyp0s5r-013108a6.log      |    6 +
 .../.eccode/evidence/ev-muyp0usd-0198e6d8.log      |   45 +
 .../.eccode/evidence/ev-muyp2upp-01c034ee.log      |  163 ++
 .../.eccode/evidence/ev-muyp2wc9-01fd37a7.log      |   14 +
 .../.eccode/evidence/ev-muyp2zyv-017a59c3.log      |   45 +
 .../.eccode/evidence/ev-muyp3114-017772b9.log      | 1345 +++++++++++++++++
 .../.eccode/evidence/ev-muyp3uet-01842bab.log      |  277 ++++
 .../.eccode/evidence/ev-muyp3uzo-01869d88.log      |    4 +
 .../.eccode/evidence/ev-muyp5de6-01e7da49.log      |    6 +
 .../.eccode/evidence/ev-muyp5lgv-01e0dd0c.log      | 1577 ++++++++++++++++++++
 .../.eccode/evidence/ev-muyp5lnw-01679473.log      |  337 +++++
 .../.eccode/evidence/ev-muyp5m7l-01e1202c.log      |  277 ++++
 .../.eccode/evidence/ev-muyp5mns-01942bff.log      |  709 +++++++++
 .../.eccode/evidence/ev-muyp5mwc-015dca3f.log      |  163 ++
 .../.eccode/evidence/ev-muyp5ndj-01ea77ab.log      |   11 +
 .../.eccode/handoffs/ho-muyow30q-017561ab.json     |   54 +
 .../.eccode/handoffs/ho-muyp0ps6-01a71861.json     |   57 +
 .../.eccode/handoffs/ho-muyp4b5m-0198ac44.json     |   49 +
 .../.eccode/handoffs/ho-muyp4gwg-01a95372.json     |   39 +
 .../memory/records/mem-d-muym8opn-0104129a.json    |   12 +
 .../memory/records/mem-k-muyljkrt-01991ac7.json    |   18 +
 .../memory/records/mem-w-muyoa34v-0117203a.json    |   18 +
 examples/triage-desk/.eccode/state.json            | 1311 ++++++++++++++--
 examples/triage-desk/public/app.js                 |  214 +++
 examples/triage-desk/public/index.html             |   49 +
 examples/triage-desk/public/styles.css             |  236 +++
 examples/triage-desk/src/config.js                 |  124 ++
 examples/triage-desk/src/http-server.js            |  314 ++++
 examples/triage-desk/src/log.js                    |  126 ++
 examples/triage-desk/src/ticket-input.js           |   39 +
 examples/triage-desk/src/triage/prompt.js          |   62 +
 examples/triage-desk/src/triage/redact.js          |  117 ++
 examples/triage-desk/src/triage/schema.js          |  203 +++
 examples/triage-desk/test/unit/config.test.js      |  280 ++++
 examples/triage-desk/test/unit/http-server.test.js |  655 ++++++++
 examples/triage-desk/test/unit/log.test.js         |  219 +++
 examples/triage-desk/test/unit/prompt.test.js      |  169 +++
 examples/triage-desk/test/unit/redact.test.js      |  246 +++
 examples/triage-desk/test/unit/schema.test.js      |  453 ++++++
 .../triage-desk/test/unit/ticket-input.test.js     |  112 ++
 examples/triage-desk/test/unit/ui.test.js          |  482 ++++++
 62 files changed, 14509 insertions(+), 146 deletions(-)
 M .eccode/events.jsonl
 M .eccode/state.json
?? .eccode/evidence/ev-muyp844n-01065832.log
?? .eccode/evidence/ev-muyp8688-01772491.log
?? .eccode/evidence/ev-muyp8cls-01f10bab.log
?? .eccode/evidence/ev-muyp8d3x-01152e56.log
