$ node .eccode/drafts/t17-browser-check.js
# cwd: .
# exit: 0
server listening line fields: t,event,host,port,mode,model,timeoutMs,maxTokens,baseUrlCustom mode=fallback
PASS [360] mode badge shows fallback :: Fallback mode: deterministic rules, no AI
PASS [360] textarea reached by keyboard :: 1 Tab press(es)
PASS [360] result rendered with fallback label :: Deterministic fallback — not AI-generated (reason: no_api_key — no API key configured)
PASS [360] aria-live status announces result :: Analysis complete: category billing, urgency high. Deterministic fallback — not AI-generated (reason: no_api_key — no API key configured).
[360] category=billing urgency=high ctrl+enter->render 47ms (page load+health 252ms)
PASS [360] AC6 edited reply copied :: Reply copied to clipboard.
PASS [360] AC6 reset restores suggestion
PASS [360] no horizontal scroll :: scrollWidth=360 clientWidth=360
PASS [360] payload kept verbatim as text in the textarea
PASS [360] XSS payload creates no element and no dialog :: img=0 b=0 dialogs=0
[360] summary for payload ticket: "Customer reports a low-urgency account or access issue."
PASS [1280] mode badge shows fallback :: Fallback mode: deterministic rules, no AI
PASS [1280] textarea reached by keyboard :: 1 Tab press(es)
PASS [1280] result rendered with fallback label :: Deterministic fallback — not AI-generated (reason: no_api_key — no API key configured)
PASS [1280] aria-live status announces result :: Analysis complete: category billing, urgency high. Deterministic fallback — not AI-generated (reason: no_api_key — no API key configured).
[1280] category=billing urgency=high ctrl+enter->render 15ms (page load+health 245ms)
PASS [1280] AC6 edited reply copied :: Reply copied to clipboard.
PASS [1280] AC6 reset restores suggestion
PASS [1280] no horizontal scroll :: scrollWidth=1280 clientWidth=1280
PASS [1280] payload kept verbatim as text in the textarea
PASS [1280] XSS payload creates no element and no dialog :: img=0 b=0 dialogs=0
[1280] summary for payload ticket: "Customer reports a low-urgency account or access issue."
server stopped (code=0 signal=null)
BROWSER_CHECK 18/18 passed
