$ node --test /home/user/ECCode/tests/regression-risk-update.test.js
# cwd: .
# exit: 1
TAP version 13
# Subtest: risk update with only --status keeps title, severity, mitigation and owner
not ok 1 - risk update with only --status keeps title, severity, mitigation and owner
  ---
  duration_ms: 269.497697
  type: 'test'
  location: '/home/user/ECCode/tests/regression-risk-update.test.js:24:1'
  failureType: 'testCodeFailure'
  error: |-
    state.json snapshot lost the title
    + actual - expected
    
    + undefined
    - 'Prompt injection'
    
  code: 'ERR_ASSERTION'
  name: 'AssertionError'
  expected: 'Prompt injection'
  operator: 'strictEqual'
  stack: |-
    TestContext.<anonymous> (/home/user/ECCode/tests/regression-risk-update.test.js:35:10)
    Test.runInAsyncScope (node:async_hooks:214:14)
    Test.run (node:internal/test_runner/test:1047:25)
    Test.start (node:internal/test_runner/test:944:17)
    startSubtestAfterBootstrap (node:internal/test_runner/harness:296:17)
  ...
# Subtest: materialized state equals the state rebuilt by replaying events.jsonl
not ok 2 - materialized state equals the state rebuilt by replaying events.jsonl
  ---
  duration_ms: 346.482066
  type: 'test'
  location: '/home/user/ECCode/tests/regression-risk-update.test.js:46:1'
  failureType: 'testCodeFailure'
  error: |-
    Expected values to be strictly deep-equal:
    + actual - expected
    ... Skipped lines
    
      {
        citations: [],
        decisions: {},
        delivery: null,
        evidence: {},
    ...
            mitigation: 'env-only key',
    -       owner: 'backend-engineer',
    -       severity: 'medium',
            status: 'mitigated',
    -       title: 'Key leak',
            updatedAt: '2026-10-07T21:23:10.620Z',
            updatedBy: 'product-architect'
          }
        },
        runs: {},
    
  code: 'ERR_ASSERTION'
  name: 'AssertionError'
  expected:
    seq: 4
    lastHash: '3fb48e7acb364a7fccaf306d156b463924707072e9e991565518d59e13532b94'
    project:
      name: 'Test'
      idea: 'Test idea for the pipeline'
      createdAt: '2026-10-07T21:23:10.426Z'
    gateOrder:
      0: 'architecture'
      1: 'design'
      2: 'plan'
      3: 'verification'
    gates:
      architecture:
        id: 'architecture'
        kind: 'architecture'
        status: 'pending'
        iterations: 0
        authors:
        submissions:
        reviews:
        openFindings:
        approvedBy: ~
        approvedSubmission: ~
        escalation: ~
        startedAt: ~
        approvedAt: ~
      design:
        id: 'design'
        kind: 'design'
        status: 'pending'
        iterations: 0
        authors:
        submissions:
        reviews:
        openFindings:
        approvedBy: ~
        approvedSubmission: ~
        escalation: ~
        startedAt: ~
        approvedAt: ~
      plan:
        id: 'plan'
        kind: 'plan'
        status: 'pending'
        iterations: 0
        authors:
        submissions:
        reviews:
        openFindings:
        approvedBy: ~
        approvedSubmission: ~
        escalation: ~
        startedAt: ~
        approvedAt: ~
      verification:
        id: 'verification'
        kind: 'verification'
        status: 'pending'
        iterations: 0
        authors:
        submissions:
        reviews:
        openFindings:
        approvedBy: ~
        approvedSubmission: ~
        escalation: ~
        startedAt: ~
        approvedAt: ~
    plan: ~
    tasks:
    evidence:
    reviews:
    rejectedReviews:
    handoffs:
    runs:
    risks:
      R2:
        id: 'R2'
        title: 'Key leak'
        severity: 'medium'
        owner: 'backend-engineer'
        status: 'mitigated'
        updatedAt: '2026-10-07T21:23:10.620Z'
        updatedBy: 'product-architect'
        mitigation: 'env-only key'
    decisions:
    citations:
    totals:
      costUsd: 0
      runtimeMinutes: 0
      tokens: 0
    delivery: ~
  actual:
    seq: 4
    lastHash: '3fb48e7acb364a7fccaf306d156b463924707072e9e991565518d59e13532b94'
    project:
      name: 'Test'
      idea: 'Test idea for the pipeline'
      createdAt: '2026-10-07T21:23:10.426Z'
    gateOrder:
      0: 'architecture'
      1: 'design'
      2: 'plan'
      3: 'verification'
    gates:
      architecture:
        id: 'architecture'
        kind: 'architecture'
        status: 'pending'
        iterations: 0
        authors:
        submissions:
        reviews:
        openFindings:
        approvedBy: ~
        approvedSubmission: ~
        escalation: ~
        startedAt: ~
        approvedAt: ~
      design:
        id: 'design'
        kind: 'design'
        status: 'pending'
        iterations: 0
        authors:
        submissions:
        reviews:
        openFindings:
        approvedBy: ~
        approvedSubmission: ~
        escalation: ~
        startedAt: ~
        approvedAt: ~
      plan:
        id: 'plan'
        kind: 'plan'
        status: 'pending'
        iterations: 0
        authors:
        submissions:
        reviews:
        openFindings:
        approvedBy: ~
        approvedSubmission: ~
        escalation: ~
        startedAt: ~
        approvedAt: ~
      verification:
        id: 'verification'
        kind: 'verification'
        status: 'pending'
        iterations: 0
        authors:
        submissions:
        reviews:
        openFindings:
        approvedBy: ~
        approvedSubmission: ~
        escalation: ~
        startedAt: ~
        approvedAt: ~
    plan: ~
    tasks:
    evidence:
    reviews:
    rejectedReviews:
    handoffs:
    runs:
    risks:
      R2:
        id: 'R2'
        status: 'mitigated'
        updatedAt: '2026-10-07T21:23:10.620Z'
        updatedBy: 'product-architect'
        mitigation: 'env-only key'
    decisions:
    citations:
    totals:
      costUsd: 0
      runtimeMinutes: 0
      tokens: 0
    delivery: ~
  operator: 'deepStrictEqual'
  stack: |-
    TestContext.<anonymous> (/home/user/ECCode/tests/regression-risk-update.test.js:54:10)
    Test.runInAsyncScope (node:async_hooks:214:14)
    Test.run (node:internal/test_runner/test:1047:25)
    Test.processPendingSubtests (node:internal/test_runner/test:744:18)
    Test.postRun (node:internal/test_runner/test:1173:19)
    Test.run (node:internal/test_runner/test:1101:12)
    async startSubtestAfterBootstrap (node:internal/test_runner/harness:296:3)
  ...
# Subtest: Store.commit: in-process reduction matches replay when data contains undefined values (any event type)
not ok 3 - Store.commit: in-process reduction matches replay when data contains undefined values (any event type)
  ---
  duration_ms: 112.916864
  type: 'test'
  location: '/home/user/ECCode/tests/regression-risk-update.test.js:59:1'
  failureType: 'testCodeFailure'
  error: |-
    Expected values to be strictly deep-equal:
    + actual - expected
    ... Skipped lines
    
      {
        citations: [],
        decisions: {},
        delivery: null,
        evidence: {},
    ...
            id: 'R3',
    -       owner: 'o',
    -       severity: 'low',
            status: 'closed',
    -       title: 'T',
            updatedAt: '2026-10-07T21:23:10.749Z',
            updatedBy: 'product-architect'
          }
        },
        runs: {},
    
  code: 'ERR_ASSERTION'
  name: 'AssertionError'
  expected:
    seq: 3
    lastHash: '3bca89b096a45ee0196702f3b1c28e58ca64742a7a998eaea9f299de930ddef4'
    project:
      name: 'Test'
      idea: 'Test idea for the pipeline'
      createdAt: '2026-10-07T21:23:10.748Z'
    gateOrder:
      0: 'architecture'
      1: 'design'
      2: 'plan'
      3: 'verification'
    gates:
      architecture:
        id: 'architecture'
        kind: 'architecture'
        status: 'pending'
        iterations: 0
        authors:
        submissions:
        reviews:
        openFindings:
        approvedBy: ~
        approvedSubmission: ~
        escalation: ~
        startedAt: ~
        approvedAt: ~
      design:
        id: 'design'
        kind: 'design'
        status: 'pending'
        iterations: 0
        authors:
        submissions:
        reviews:
        openFindings:
        approvedBy: ~
        approvedSubmission: ~
        escalation: ~
        startedAt: ~
        approvedAt: ~
      plan:
        id: 'plan'
        kind: 'plan'
        status: 'pending'
        iterations: 0
        authors:
        submissions:
        reviews:
        openFindings:
        approvedBy: ~
        approvedSubmission: ~
        escalation: ~
        startedAt: ~
        approvedAt: ~
      verification:
        id: 'verification'
        kind: 'verification'
        status: 'pending'
        iterations: 0
        authors:
        submissions:
        reviews:
        openFindings:
        approvedBy: ~
        approvedSubmission: ~
        escalation: ~
        startedAt: ~
        approvedAt: ~
    plan: ~
    tasks:
    evidence:
    reviews:
    rejectedReviews:
    handoffs:
    runs:
    risks:
      R3:
        id: 'R3'
        title: 'T'
        severity: 'low'
        owner: 'o'
        status: 'closed'
        updatedAt: '2026-10-07T21:23:10.749Z'
        updatedBy: 'product-architect'
    decisions:
    citations:
    totals:
      costUsd: 0
      runtimeMinutes: 0
      tokens: 0
    delivery: ~
  actual:
    seq: 3
    lastHash: '3bca89b096a45ee0196702f3b1c28e58ca64742a7a998eaea9f299de930ddef4'
    project:
      name: 'Test'
      idea: 'Test idea for the pipeline'
      createdAt: '2026-10-07T21:23:10.748Z'
    gateOrder:
      0: 'architecture'
      1: 'design'
      2: 'plan'
      3: 'verification'
    gates:
      architecture:
        id: 'architecture'
        kind: 'architecture'
        status: 'pending'
        iterations: 0
        authors:
        submissions:
        reviews:
        openFindings:
        approvedBy: ~
        approvedSubmission: ~
        escalation: ~
        startedAt: ~
        approvedAt: ~
      design:
        id: 'design'
        kind: 'design'
        status: 'pending'
        iterations: 0
        authors:
        submissions:
        reviews:
        openFindings:
        approvedBy: ~
        approvedSubmission: ~
        escalation: ~
        startedAt: ~
        approvedAt: ~
      plan:
        id: 'plan'
        kind: 'plan'
        status: 'pending'
        iterations: 0
        authors:
        submissions:
        reviews:
        openFindings:
        approvedBy: ~
        approvedSubmission: ~
        escalation: ~
        startedAt: ~
        approvedAt: ~
      verification:
        id: 'verification'
        kind: 'verification'
        status: 'pending'
        iterations: 0
        authors:
        submissions:
        reviews:
        openFindings:
        approvedBy: ~
        approvedSubmission: ~
        escalation: ~
        startedAt: ~
        approvedAt: ~
    plan: ~
    tasks:
    evidence:
    reviews:
    rejectedReviews:
    handoffs:
    runs:
    risks:
      R3:
        id: 'R3'
        status: 'closed'
        updatedAt: '2026-10-07T21:23:10.749Z'
        updatedBy: 'product-architect'
    decisions:
    citations:
    totals:
      costUsd: 0
      runtimeMinutes: 0
      tokens: 0
    delivery: ~
  operator: 'deepStrictEqual'
  stack: |-
    TestContext.<anonymous> (/home/user/ECCode/tests/regression-risk-update.test.js:65:10)
    Test.runInAsyncScope (node:async_hooks:214:14)
    Test.run (node:internal/test_runner/test:1047:25)
    Test.processPendingSubtests (node:internal/test_runner/test:744:18)
    Test.postRun (node:internal/test_runner/test:1173:19)
    Test.run (node:internal/test_runner/test:1101:12)
    async Test.processPendingSubtests (node:internal/test_runner/test:744:7)
  ...
1..3
# tests 3
# suites 0
# pass 0
# fail 3
# cancelled 0
# skipped 0
# todo 0
# duration_ms 828.289714
