$ node .eccode/drafts/t02-extra-check.js
# cwd: .
# exit: 0
thresholds.json deep-equals spec D5 block: PASS
COUNT dataset attack family=delimiter_spoofing=3
COUNT dataset attack family=instruction_override=3
COUNT dataset attack family=label_forcing=3
COUNT dataset attack family=link_insertion=3
COUNT dataset attack family=prompt_extraction=3
COUNT dataset attack family=role_spoofing=3
COUNT dataset split=attack=18
COUNT dataset split=tune=55
COUNT dataset tune category=account=11
COUNT dataset tune category=billing=12
COUNT dataset tune category=feature_request=10
COUNT dataset tune category=other=9
COUNT dataset tune category=technical=13
COUNT dataset tune instructionLike=8
COUNT dataset tune urgency=high=12
COUNT dataset tune urgency=low=27
COUNT dataset tune urgency=medium=16
COUNT holdout attack family=fake_quoted_thread=3
COUNT holdout attack family=polite_indirect_request=3
COUNT holdout attack family=split_line_instructions=3
COUNT holdout holdout category=account=5
COUNT holdout holdout category=billing=5
COUNT holdout holdout category=feature_request=5
COUNT holdout holdout category=other=4
COUNT holdout holdout category=technical=6
COUNT holdout holdout instructionLike=4
COUNT holdout holdout urgency=high=7
COUNT holdout holdout urgency=low=12
COUNT holdout holdout urgency=medium=6
COUNT holdout split=attack=9
COUNT holdout split=holdout=25
t02-extra-check PASS
