$ node --test test/unit/redact.test.js
# cwd: .
# exit: 0
TAP version 13
# Subtest: exports redact as a function
ok 1 - exports redact as a function
  ---
  duration_ms: 1.07961
  type: 'test'
  ...
# Subtest: returns {text, counts:{email, card, phone}} with zero counts for clean text
ok 2 - returns {text, counts:{email, card, phone}} with zero counts for clean text
  ---
  duration_ms: 1.644983
  type: 'test'
  ...
# Subtest: empty string is returned unchanged with zero counts
ok 3 - empty string is returned unchanged with zero counts
  ---
  duration_ms: 0.302077
  type: 'test'
  ...
# Subtest: is pure: repeated calls give equal results and fresh count objects
ok 4 - is pure: repeated calls give equal results and fresh count objects
  ---
  duration_ms: 0.998668
  type: 'test'
  ...
# Subtest: rejects non-string input with a TypeError
ok 5 - rejects non-string input with a TypeError
  ---
  duration_ms: 0.401051
  type: 'test'
  ...
# Subtest: AC16 ticket: markers removed, controls kept, per-class counts
ok 6 - AC16 ticket: markers removed, controls kept, per-class counts
  ---
  duration_ms: 0.701903
  type: 'test'
  ...
# Subtest: AC16 ticket with the ARCH-10 additions: no digit token or Luhn window survives
ok 7 - AC16 ticket with the ARCH-10 additions: no digit token or Luhn window survives
  ---
  duration_ms: 0.370814
  type: 'test'
  ...
# Subtest: placeholders use square brackets only and cannot form a delimiter
ok 8 - placeholders use square brackets only and cannot form a delimiter
  ---
  duration_ms: 1.406684
  type: 'test'
  ...
# Subtest: CARD_CASES: "Card 4111 1111 1111 1111 12/27 was charged."
ok 9 - CARD_CASES: "Card 4111 1111 1111 1111 12/27 was charged."
  ---
  duration_ms: 0.415465
  type: 'test'
  ...
# Subtest: CARD_CASES: "Card 4111 1111 1111 1111 123 please refund."
ok 10 - CARD_CASES: "Card 4111 1111 1111 1111 123 please refund."
  ---
  duration_ms: 0.386622
  type: 'test'
  ...
# Subtest: CARD_CASES: "Call 555 0137 4111 1111 1111 1111 thanks."
ok 11 - CARD_CASES: "Call 555 0137 4111 1111 1111 1111 thanks."
  ---
  duration_ms: 0.134503
  type: 'test'
  ...
# Subtest: CARD_CASES: "Card 4111 1111 1111 1111 was charged."
ok 12 - CARD_CASES: "Card 4111 1111 1111 1111 was charged."
  ---
  duration_ms: 0.058711
  type: 'test'
  ...
# Subtest: CARD_CASES: "Card 4111 1111 1111 1111 2027 was charged."
ok 13 - CARD_CASES: "Card 4111 1111 1111 1111 2027 was charged."
  ---
  duration_ms: 0.045477
  type: 'test'
  ...
# Subtest: CARD_CASES: "4111-1111-1111-1111-12"
ok 14 - CARD_CASES: "4111-1111-1111-1111-12"
  ---
  duration_ms: 0.045484
  type: 'test'
  ...
# Subtest: CARD_CASES: "ref 99 4111111111111111"
ok 15 - CARD_CASES: "ref 99 4111111111111111"
  ---
  duration_ms: 0.038067
  type: 'test'
  ...
# Subtest: CARD_CASES: "Amex 3782 822463 10005 exp 09/28"
ok 16 - CARD_CASES: "Amex 3782 822463 10005 exp 09/28"
  ---
  duration_ms: 0.040642
  type: 'test'
  ...
# Subtest: CARD_CASES: "Order 1234567812345678 shipped"
ok 17 - CARD_CASES: "Order 1234567812345678 shipped"
  ---
  duration_ms: 0.038301
  type: 'test'
  ...
# Subtest: CARD_CASES: "Card 4111 1111 1111 1111 thanks"
ok 18 - CARD_CASES: "Card 4111 1111 1111 1111 thanks"
  ---
  duration_ms: 0.040658
  type: 'test'
  ...
# Subtest: CARD_CASES: "Card 4111\\t1111\\t1111\\t1111 thanks"
ok 19 - CARD_CASES: "Card 4111\\t1111\\t1111\\t1111 thanks"
  ---
  duration_ms: 0.03519
  type: 'test'
  ...
# Subtest: CARD_CASES: "Card 4111 1111 1111 1111 12/27"
ok 20 - CARD_CASES: "Card 4111 1111 1111 1111 12/27"
  ---
  duration_ms: 0.038082
  type: 'test'
  ...
# Subtest: CARD_CASES: "card 4111111111111111 5500005555555559 thanks"
ok 21 - CARD_CASES: "card 4111111111111111 5500005555555559 thanks"
  ---
  duration_ms: 0.050037
  type: 'test'
  ...
# Subtest: phone + card run: no digits survive
ok 22 - phone + card run: no digits survive
  ---
  duration_ms: 0.139255
  type: 'test'
  ...
# Subtest: two adjacent cards collapse into one placeholder (documented count understatement, DES-7)
ok 23 - two adjacent cards collapse into one placeholder (documented count understatement, DES-7)
  ---
  duration_ms: 0.057997
  type: 'test'
  ...
# Subtest: PHONE_CASES: "call +1 (555) 013-7742 now"
ok 24 - PHONE_CASES: "call +1 (555) 013-7742 now"
  ---
  duration_ms: 0.060529
  type: 'test'
  ...
# Subtest: PHONE_CASES: "call 555.013.7743."
ok 25 - PHONE_CASES: "call 555.013.7743."
  ---
  duration_ms: 0.037308
  type: 'test'
  ...
# Subtest: PHONE_CASES: "ring +44 20 7946 0958"
ok 26 - PHONE_CASES: "ring +44 20 7946 0958"
  ---
  duration_ms: 0.032888
  type: 'test'
  ...
# Subtest: PHONE_CASES: "call 555 013 7742 2026-10-07"
ok 27 - PHONE_CASES: "call 555 013 7742 2026-10-07"
  ---
  duration_ms: 0.04973
  type: 'test'
  ...
# Subtest: PHONE_CASES: "since 2026-10-07 nothing works"
ok 28 - PHONE_CASES: "since 2026-10-07 nothing works"
  ---
  duration_ms: 0.03264
  type: 'test'
  ...
# Subtest: PHONE_CASES: "version 2.1.3 and build 12345"
ok 29 - PHONE_CASES: "version 2.1.3 and build 12345"
  ---
  duration_ms: 0.031235
  type: 'test'
  ...
# Subtest: PHONE_CASES: "call 555 013 7742 now"
ok 30 - PHONE_CASES: "call 555 013 7742 now"
  ---
  duration_ms: 0.031223
  type: 'test'
  ...
# Subtest: PHONE_CASES: "call 555\\t013\\t7742 now"
ok 31 - PHONE_CASES: "call 555\\t013\\t7742 now"
  ---
  duration_ms: 0.03016
  type: 'test'
  ...
# Subtest: per-class counts
ok 32 - per-class counts
  ---
  duration_ms: 0.172597
  type: 'test'
  ...
# Subtest: order: email first, so digits inside an email are not counted as a phone or card
ok 33 - order: email first, so digits inside an email are not counted as a phone or card
  ---
  duration_ms: 0.06226
  type: 'test'
  ...
# Subtest: order: card before phone, so a card is counted as a card, not a phone
ok 34 - order: card before phone, so a card is counted as a card, not a phone
  ---
  duration_ms: 0.100018
  type: 'test'
  ...
# Subtest: a single digit group longer than 19 digits is atomic and never a card
ok 35 - a single digit group longer than 19 digits is atomic and never a card
  ---
  duration_ms: 0.104484
  type: 'test'
  ...
# Subtest: dates and short numbers are not phones
ok 36 - dates and short numbers are not phones
  ---
  duration_ms: 0.086066
  type: 'test'
  ...
# Subtest: DES-4 adversarial email_localpart_no_at: median of 3 runs < 200 ms
ok 37 - DES-4 adversarial email_localpart_no_at: median of 3 runs < 200 ms
  ---
  duration_ms: 100.995408
  type: 'test'
  ...
# redactor adversarial email_localpart_no_at runs 32.13/32.55/35.77 ms, median 32.55 ms
# Subtest: DES-4 adversarial email_domain_no_tld: median of 3 runs < 200 ms
ok 38 - DES-4 adversarial email_domain_no_tld: median of 3 runs < 200 ms
  ---
  duration_ms: 104.141111
  type: 'test'
  ...
# redactor adversarial email_domain_no_tld runs 32.95/33.33/37.48 ms, median 33.33 ms
# Subtest: DES-4 adversarial phone_digits_dots: median of 3 runs < 200 ms
ok 39 - DES-4 adversarial phone_digits_dots: median of 3 runs < 200 ms
  ---
  duration_ms: 112.508041
  type: 'test'
  ...
# redactor adversarial phone_digits_dots runs 36.37/37.14/38.54 ms, median 37.14 ms
# Subtest: DES-4 adversarial digits_only: median of 3 runs < 200 ms
ok 40 - DES-4 adversarial digits_only: median of 3 runs < 200 ms
  ---
  duration_ms: 109.127091
  type: 'test'
  ...
# redactor adversarial digits_only runs 35.88/35.96/36.93 ms, median 35.96 ms
# Subtest: DES-4 adversarial digit_nbsp: median of 3 runs < 200 ms
ok 41 - DES-4 adversarial digit_nbsp: median of 3 runs < 200 ms
  ---
  duration_ms: 14.448041
  type: 'test'
  ...
# redactor adversarial digit_nbsp runs 4.05/4.16/6.00 ms, median 4.16 ms
# Subtest: DES-4 adversarial card_worst_design: median of 3 runs < 200 ms
ok 42 - DES-4 adversarial card_worst_design: median of 3 runs < 200 ms
  ---
  duration_ms: 1.972815
  type: 'test'
  ...
# redactor adversarial card_worst_design runs 0.57/0.62/0.62 ms, median 0.62 ms
# Subtest: card-shaped adversarial output keeps no Luhn window
ok 43 - card-shaped adversarial output keeps no Luhn window
  ---
  duration_ms: 1.309048
  type: 'test'
  ...
1..43
# tests 43
# suites 0
# pass 43
# fail 0
# cancelled 0
# skipped 0
# todo 0
# duration_ms 553.646735
