/home/user/ECCode/lib/gates.js:483
    throw err;
    ^

EccodeError: Review rejected by gate rules:
- approval does not cover the required criteria: task:api, task:ui, task:tests, phase:core; add one criterion per id, met, with evidence citing the section that proves it (eccode gate show phase:core lists them with their descriptions)
    at /home/user/ECCode/lib/gates.js:475:33
    at /home/user/ECCode/lib/store.js:206:29
    at withLock (/home/user/ECCode/lib/util.js:102:12)
    at Store.commit (/home/user/ECCode/lib/store.js:203:12)
    at Object.recordReview (/home/user/ECCode/lib/gates.js:473:18)
    at completePhase (/home/user/ECCode/docs/evidence/review-bundle/probes/F5b-open-critical-risk-delivery.js:33:9)
    at deliverable (/home/user/ECCode/docs/evidence/review-bundle/probes/F5b-open-critical-risk-delivery.js:49:3)
    at Object.<anonymous> (/home/user/ECCode/docs/evidence/review-bundle/probes/F5b-open-critical-risk-delivery.js:73:17)
    at Module._compile (node:internal/modules/cjs/loader:1706:14)
    at Object..js (node:internal/modules/cjs/loader:1839:10) {
  code: 'REVIEW_REJECTED',
  details: {
    reasons: [
      'approval does not cover the required criteria: task:api, task:ui, task:tests, phase:core; add one criterion per id, met, with evidence citing the section that proves it (eccode gate show phase:core lists them with their descriptions)'
    ]
  }
}

Node.js v22.22.0
