$ node --test test/totals.test.js
# cwd: .
# exit: 1
TAP version 13
# Subtest: detail totals are exact for every fixture invoice
not ok 1 - detail totals are exact for every fixture invoice
  ---
  duration_ms: 81.495564
  type: 'test'
  location: '/mnt/sbx/work/test/totals.test.js:22:1'
  failureType: 'testCodeFailure'
  error: |-
    invoice 2
    + actual - expected
    
      {
        discount: '0.00',
        shipping: '15.00',
        subtotal: '120.00',
    +   total: '12015.00'
    -   total: '135.00'
      }
    
  code: 'ERR_ASSERTION'
  name: 'AssertionError'
  expected:
    subtotal: '120.00'
    discount: '0.00'
    shipping: '15.00'
    total: '135.00'
  actual:
    subtotal: '120.00'
    discount: '0.00'
    shipping: '15.00'
    total: '12015.00'
  operator: 'deepStrictEqual'
  stack: |-
    /mnt/sbx/work/test/totals.test.js:28:14
    process.processTicksAndRejections (node:internal/process/task_queues:105:5)
    async withApp (/mnt/sbx/work/test/totals.test.js:16:5)
    async Test.run (node:internal/test_runner/test:1054:7)
    async startSubtestAfterBootstrap (node:internal/test_runner/harness:296:3)
  ...
# Subtest: list totals are exact
not ok 2 - list totals are exact
  ---
  duration_ms: 9.833439
  type: 'test'
  location: '/mnt/sbx/work/test/totals.test.js:36:1'
  failureType: 'testCodeFailure'
  error: |-
    Expected values to be strictly deep-equal:
    + actual - expected
    
      [
        '50.00',
    +   '12015.00',
    -   '135.00',
        '1.00',
    +   '54.4234.99'
    -   '59.41'
      ]
    
  code: 'ERR_ASSERTION'
  name: 'AssertionError'
  expected:
    0: '50.00'
    1: '135.00'
    2: '1.00'
    3: '59.41'
  actual:
    0: '50.00'
    1: '12015.00'
    2: '1.00'
    3: '54.4234.99'
  operator: 'deepStrictEqual'
  stack: |-
    /mnt/sbx/work/test/totals.test.js:39:12
    process.processTicksAndRejections (node:internal/process/task_queues:105:5)
    async withApp (/mnt/sbx/work/test/totals.test.js:16:5)
    async Test.run (node:internal/test_runner/test:1054:7)
    async Test.processPendingSubtests (node:internal/test_runner/test:744:7)
  ...
# Subtest: CSV equals JSON (lines and TOTAL) for every invoice
ok 3 - CSV equals JSON (lines and TOTAL) for every invoice
  ---
  duration_ms: 21.192305
  type: 'test'
  ...
1..3
# tests 3
# suites 0
# pass 1
# fail 2
# cancelled 0
# skipped 0
# todo 0
# duration_ms 247.668746
