$ npm test
# cwd: .
# exit: 0

> billing-service@1.4.2 test
> node --test

TAP version 13
# Subtest: test/helpers.js
ok 1 - test/helpers.js
  ---
  duration_ms: 47.545444
  type: 'test'
  ...
# Subtest: invoice without shipping or discount has correct totals
ok 2 - invoice without shipping or discount has correct totals
  ---
  duration_ms: 65.297312
  type: 'test'
  ...
# Subtest: lists all invoices
ok 3 - lists all invoices
  ---
  duration_ms: 9.730227
  type: 'test'
  ...
# Subtest: unknown invoice is a 404 in the Acme error envelope
ok 4 - unknown invoice is a 404 in the Acme error envelope
  ---
  duration_ms: 7.386821
  type: 'test'
  ...
# Subtest: CSV export has a header and a TOTAL row
ok 5 - CSV export has a header and a TOTAL row
  ---
  duration_ms: 7.424813
  type: 'test'
  ...
# Subtest: detail totals are exact for every fixture invoice
ok 6 - detail totals are exact for every fixture invoice
  ---
  duration_ms: 82.068761
  type: 'test'
  ...
# Subtest: list totals are exact
ok 7 - list totals are exact
  ---
  duration_ms: 8.377994
  type: 'test'
  ...
# Subtest: CSV equals JSON (lines and TOTAL) for every invoice
ok 8 - CSV equals JSON (lines and TOTAL) for every invoice
  ---
  duration_ms: 18.64644
  type: 'test'
  ...
1..8
# tests 8
# suites 0
# pass 8
# fail 0
# cancelled 0
# skipped 0
# todo 0
# duration_ms 251.005573
