$ npm test
# cwd: .
# exit: 1

> billing-service@1.4.2 test
> node --test

TAP version 13
# Subtest: test/helpers.js
ok 1 - test/helpers.js
  ---
  duration_ms: 70.04872
  type: 'test'
  ...
# Subtest: invoice without shipping or discount has correct totals
ok 2 - invoice without shipping or discount has correct totals
  ---
  duration_ms: 97.728692
  type: 'test'
  ...
# Subtest: lists all invoices
ok 3 - lists all invoices
  ---
  duration_ms: 13.425918
  type: 'test'
  ...
# Subtest: unknown invoice is a 404 in the Acme error envelope
ok 4 - unknown invoice is a 404 in the Acme error envelope
  ---
  duration_ms: 5.919889
  type: 'test'
  ...
# Subtest: CSV export has a header and a TOTAL row
ok 5 - CSV export has a header and a TOTAL row
  ---
  duration_ms: 7.805811
  type: 'test'
  ...
# Subtest: detail totals are exact for every fixture invoice
not ok 6 - detail totals are exact for every fixture invoice
  ---
  duration_ms: 101.031236
  type: 'test'
  location: '/mnt/sbx/work/test/totals.test.js:22:1'
  failureType: 'testCodeFailure'
  error: |-
    invoice 2
    + actual - expected
    
      {
        discount: '0.00',
        shipping: '15.00',
        subtotal: '120.00',
    +   total: '12015.00'
    -   total: '135.00'
      }
    
  code: 'ERR_ASSERTION'
  name: 'AssertionError'
  expected:
    subtotal: '120.00'
    discount: '0.00'
    shipping: '15.00'
    total: '135.00'
  actual:
    subtotal: '120.00'
    discount: '0.00'
    shipping: '15.00'
    total: '12015.00'
  operator: 'deepStrictEqual'
  stack: |-
    /mnt/sbx/work/test/totals.test.js:28:14
    process.processTicksAndRejections (node:internal/process/task_queues:105:5)
    async withApp (/mnt/sbx/work/test/totals.test.js:16:5)
    async Test.run (node:internal/test_runner/test:1054:7)
    async startSubtestAfterBootstrap (node:internal/test_runner/harness:296:3)
  ...
# Subtest: list totals are exact
not ok 7 - list totals are exact
  ---
  duration_ms: 12.623832
  type: 'test'
  location: '/mnt/sbx/work/test/totals.test.js:36:1'
  failureType: 'testCodeFailure'
  error: |-
    Expected values to be strictly deep-equal:
    + actual - expected
    
      [
        '50.00',
    +   '12015.00',
    -   '135.00',
        '1.00',
    +   '54.4234.99'
    -   '59.41'
      ]
    
  code: 'ERR_ASSERTION'
  name: 'AssertionError'
  expected:
    0: '50.00'
    1: '135.00'
    2: '1.00'
    3: '59.41'
  actual:
    0: '50.00'
    1: '12015.00'
    2: '1.00'
    3: '54.4234.99'
  operator: 'deepStrictEqual'
  stack: |-
    /mnt/sbx/work/test/totals.test.js:39:12
    process.processTicksAndRejections (node:internal/process/task_queues:105:5)
    async withApp (/mnt/sbx/work/test/totals.test.js:16:5)
    async Test.run (node:internal/test_runner/test:1054:7)
    async Test.processPendingSubtests (node:internal/test_runner/test:744:7)
  ...
# Subtest: CSV equals JSON (lines and TOTAL) for every invoice
ok 8 - CSV equals JSON (lines and TOTAL) for every invoice
  ---
  duration_ms: 28.411389
  type: 'test'
  ...
1..8
# tests 8
# suites 0
# pass 6
# fail 2
# cancelled 0
# skipped 0
# todo 0
# duration_ms 322.012154

[stderr]
npm notice
npm notice New major version of npm available! 10.9.4 -> 12.2.0
npm notice Changelog: https://github.com/npm/cli/releases/tag/v12.2.0
npm notice To update run: npm install -g npm@12.2.0
npm notice
