$ npm test
# cwd: .
# exit: 0

> billing-service@1.4.2 test
> node --test

TAP version 13
# Subtest: test/helpers.js
ok 1 - test/helpers.js
  ---
  duration_ms: 49.602694
  type: 'test'
  ...
# Subtest: invoice without shipping or discount has correct totals
ok 2 - invoice without shipping or discount has correct totals
  ---
  duration_ms: 71.218606
  type: 'test'
  ...
# Subtest: lists all invoices
ok 3 - lists all invoices
  ---
  duration_ms: 10.242227
  type: 'test'
  ...
# Subtest: unknown invoice is a 404 in the Acme error envelope
ok 4 - unknown invoice is a 404 in the Acme error envelope
  ---
  duration_ms: 4.449397
  type: 'test'
  ...
# Subtest: CSV export has a header and a TOTAL row
ok 5 - CSV export has a header and a TOTAL row
  ---
  duration_ms: 4.325545
  type: 'test'
  ...
1..5
# tests 5
# suites 0
# pass 5
# fail 0
# cancelled 0
# skipped 0
# todo 0
# duration_ms 243.797751
