$ node .eccode/drafts/plan-r2-guard-check.mjs .eccode/artifacts/plan/plan.json
# cwd: .
# exit: 0
ok   b1-foundation-core: guard lists 8 file(s) the task creates first
ok   b2-domain: guard lists 9 file(s) the task creates first
ok   b4-env-readme: guard lists 4 file(s) the task creates first
ok   b3-test-harness: guard lists 11 file(s) the task creates first
ok   c1-auth-rbac: guard lists 1 file(s) the task creates first
ok   c2-requests-plans-view: guard lists 4 file(s) the task creates first
ok   c3-reservations-supplier-admin: guard lists 6 file(s) the task creates first
ok   c5-frontend-dashboards: guard lists 3 file(s) the task creates first
ok   c6-reserve-concurrency-browser: guard lists 4 file(s) the task creates first
ok   d1-ai-core: guard lists 5 file(s) the task creates first
ok   d2-ai-adapters-corpus: guard lists 6 file(s) the task creates first
ok   d3-extraction-service: guard lists 7 file(s) the task creates first
ok   d4-frontend-extraction: guard lists 1 file(s) the task creates first
ok   d5-extraction-contract-browser: guard lists 3 file(s) the task creates first
ok   e0-paypal-stub-contract: guard lists 2 file(s) the task creates first
ok   e1-payment-adapters: guard lists 5 file(s) the task creates first
ok   e2-payment-flow: guard lists 5 file(s) the task creates first
ok   e3-webhooks: guard lists 1 file(s) the task creates first
ok   e4-saga-reconciler: guard lists 5 file(s) the task creates first
ok   e5-frontend-payments: guard lists 1 file(s) the task creates first
ok   e6-execute-concurrency-browser: guard lists 3 file(s) the task creates first
ok   f1-supersession-refusal-expiry: guard lists 3 file(s) the task creates first
ok   f2-compensation-takeover-admin: guard lists 5 file(s) the task creates first
ok   f3-frontend-recovery: guard lists 1 file(s) the task creates first
ok   f4-restart-takeover-browser: guard lists 5 file(s) the task creates first
ok   g1-frontend-a11y-labels: guard lists 1 file(s) the task creates first
ok   g2-docs-submission: guard lists 3 file(s) the task creates first
ok   g3-final-scans-browser: guard lists 8 file(s) the task creates first
tasks: 28; failing: 0
