$ node --experimental-sqlite --disable-warning=ExperimentalWarning --test /home/user/ECCode/examples/rescuestock/.eccode/drafts/design-probe-execargv.test.mjs
# cwd: .
# exit: 0
TAP version 13
# TESTFILE {"execArgv":["--experimental-sqlite","--disable-warning=ExperimentalWarning"],"nodeOptions":"--max-old-space-size=8192"}
# GRANDCHILD {"execArgv":["-e","console.log(JSON.stringify({execArgv: process.execArgv, nodeOptions: process.env.NODE_OPTIONS || null}))"],"nodeOptions":"--max-old-space-size=8192"}
# Subtest: probe
ok 1 - probe
  ---
  duration_ms: 51.896683
  type: 'test'
  ...
1..1
# tests 1
# suites 0
# pass 1
# fail 0
# cancelled 0
# skipped 0
# todo 0
# duration_ms 143.084534
