$ node .eccode/drafts/plan-lesson-preview.cjs . .eccode/artifacts/plan/plan.json
# cwd: .
# exit: 0
[
  {
    "id": "mem-sd-mv1audrd-013b7102",
    "score": 0.834,
    "matched": 34,
    "priority": 46.5,
    "title": "A tool-call guard must resolve the project root from the target's real path, not from the harness's project directory, or nested projects are judged by the wrong record",
    "tasks": [
      "b1-foundation-core",
      "b2-domain",
      "b4-env-readme",
      "b3-test-harness",
      "c1-auth-rbac",
      "c2-requests-plans-view",
      "c3-reservations-supplier-admin",
      "c5-frontend-dashboards",
      "c6-reserve-concurrency-browser",
      "d1-ai-core",
      "d2-ai-adapters-corpus",
      "d3-extraction-service",
      "d4-frontend-extraction",
      "d5-extraction-contract-browser",
      "e0-paypal-stub-contract",
      "e1-payment-adapters",
      "e2-payment-flow",
      "e3-webhooks",
      "e4-saga-reconciler",
      "e5-frontend-payments",
      "e6-execute-concurrency-browser",
      "f1-supersession-refusal-expiry",
      "f2-compensation-takeover-admin",
      "f3-frontend-recovery",
      "f4-restart-takeover-browser",
      "g1-frontend-a11y-labels",
      "g2-docs-submission",
      "g3-final-scans-browser",
      "g4-evidence-table"
    ]
  }
]
