$ node .eccode/drafts/sec-design-spec-walk.mjs .eccode/artifacts/design/spec.md --probes
# cwd: .
# exit: 1
spec .eccode/artifacts/design/spec.md sha256 ea9c0c68c84ee761210a4271b4a5148a90623c54a085dab8281b3e73d4595b2c lines 1338

CONFIRMED H1: Idempotency key reused on ANOTHER plan replays the first plan's reservation (no 422)
   scope: Scope: (user id, route template, key)
   hash: Body hash: sha256 of the canonical JSON of the parsed body (`{}` when empty).
   reserve row: `POST /api/plans/:id/reserve` | header `Idempotency-Key`; body `{}`

CONFIRMED H2: Anonymous caller locks out any known username (admin, supplier-a..e, cafe1/2), correct password refused
   throttle: a sign-in is refused with 429 when the username has ≥ 5 failures in the last 15 min, or the client IP has ≥ 20. It is refused **before** the password is checked, so the correct password is also refused.
   rule: refused **before** the password is checked, so the correct password is also refused
   known usernames: one supplier user per supplier (`supplier-a` … `supplier-e`) and two customers (`cafe1`, `cafe2`); The admin account `admin` is created
   per-(username,IP) keying present: false

CONFIRMED H3: The literal .env.example placeholder passes the secret checks (demo password, fake webhook secret)
   "<placeholder>".length = 13; demo min 10 (accepted: true); admin min 16 (accepted: false)
   rows: | `RS_DEMO_PASSWORD` | `<placeholder>` | | ; | `RS_FAKE_WEBHOOK_SECRET` | `<placeholder>` | tests generate one |
   any rule refusing placeholder values: false

CONFIRMED H4: Unsigned webhook flood: no rate limit, one stored row + one outbound PayPal verify call per POST, rows never purged
   rate-limit section mentions webhooks: false
   retention: webhook events are kept (ids only)
   insert: `FAILURE` or missing headers → insert a row with `signature_status = 'invalid'`
   verify: Sandbox: `POST /v1/notifications/verify-webhook-signature`

CONFIRMED H5: RS_PAYPAL_BASE_URL=http://127.0.0.1:<port> runs under `npm start` and is labelled "PayPal Sandbox", not "Simulated"
   base: PayPal base URL must be `https://api-m.sandbox.paypal.com` or `http://127.0.0.1:<port>` / `http://localhost:<port>`
   label: With the Sandbox adapter, every payment element shows "PayPal Sandbox — no real money"
   loopback gated to tests or labelled simulated: false

CONFIRMED H6: One self-registered customer can hold every supplier's stock for 30 min, repeatedly (no per-customer reservation cap, no payment needed)
   seed: inventory `on_hand = 1, reserved = 0`
   signup: Customers may also self-register (`RS_ALLOW_SIGNUP`, default `1`)
   ttl: `expires_at = now + RS_RESERVATION_TTL_MIN` (default 30)
   per-customer reservation cap present: false

CONFIRMED H7: CLI stdout cap is inconsistent between Security T25 and the CLI adapter
   T25: stdout cap 1 MiB
   adapter: stdout: NDJSON (cap 8 MiB)

CONFIRMED H8: Injected image text can surface verbatim as a model-authored "question" in the customer UI (field not enum-bound, text not templated)
   schema: "field": {"type": "string"}, "question": {"type": "string"}
   validator: at most 6 questions, each ≤ 300 characters
   question.field enum-bound: false

CONFIRMED H9: Customer can submit any value with provenance "image" or "user_text" at confirm
   route: `POST /api/requests/:id/confirm` | `{fields: {<name>: {value, provenance: "user_text"|"image"|"manual"}}}`
   server derives provenance: false

CONFIRMED H10: Throttle key normalisation unspecified while the user lookup is case-insensitive
   users: username TEXT NOT NULL UNIQUE COLLATE NOCASE
   failures: login_failures (id INTEGER PRIMARY KEY, username_key TEXT NOT NULL
   normalisation stated: false

CONFIRMED H11: Origin check accepts http(s)://<Host>; no Host header allow-list
   origin: When an `Origin` header is present it must equal `RS_PUBLIC_URL`'s origin or `http(s)://<Host>`
   host allow-list stated elsewhere: false

CONFIRMED H12: No file-mode rule for data/app.db (password hashes, sessions) and data/uploads/
   mode rule present: false

CONFIRMED H13: One customer (or a handful of self-registered ones) can exhaust the shared daily model budget for everyone
   budget: today's spend = Σ `COALESCE(actual_usd, reserved_usd)` for the Asia/Amman day
   per-customer daily share: false

CONFIRMED H14: Forced reset strands authorized holds and unresolved captures (archived rows are ignored by the reconciler)
   archive: Payment operations and provider calls get `archived_at`, never DELETE
   reconciler: Archived operations are ignored by the reconciler and the reset guard
   voids before archiving: false

CONFIRMED H15: Fake approval page/listener: no route contract, no stated id entropy, no "Simulated" label on the page itself
   contract: false
   page labelled: false

probe result: 15 of 15 hypotheses CONFIRMED: H1, H2, H3, H4, H5, H6, H7, H8, H9, H10, H11, H12, H13, H14, H15
