$ node .eccode/drafts/tr-design-r2-node-floor.mjs .eccode/artifacts/design/spec.md
# cwd: .
# exit: 0
ok   script "start" starts with the flag-free gate | node scripts/check-node.cjs && node --disable-warning=ExperimentalWarn
ok   script "seed" starts with the flag-free gate | node scripts/check-node.cjs && node --disable-warning=ExperimentalWarn
ok   script "test" starts with the flag-free gate | node scripts/check-node.cjs && node --disable-warning=ExperimentalWarn
ok   script "test:browser" starts with the flag-free gate | node scripts/check-node.cjs && node --disable-warning=ExperimentalWarn
ok   script "test:live-model" starts with the flag-free gate | node scripts/check-node.cjs && node --disable-warning=ExperimentalWarn
ok   script "test:live-paypal" starts with the flag-free gate | node scripts/check-node.cjs && node --disable-warning=ExperimentalWarn
ok   v20.20.0 sh -c >=22.13 start | exit=1 RescueStock needs Node >= 22.13 (found 20.20.0). See README.
ok   v20.20.0 sh -c 22.5-branch start | exit=1 RescueStock needs Node >= 22.5 (found 20.20.0). See README.
ok   v20.20.0 npm run start | exit=1 RescueStock needs Node >= 22.13 (found 20.20.0). See README.
ok   v21.7.3 sh -c >=22.13 start | exit=1 RescueStock needs Node >= 22.13 (found 21.7.3). See README.
ok   v21.7.3 sh -c 22.5-branch start | exit=1 RescueStock needs Node >= 22.5 (found 21.7.3). See README.
ok   v21.7.3 npm run start | exit=1 RescueStock needs Node >= 22.13 (found 21.7.3). See README.
ok   v22.22.0 sh -c >=22.13 start | exit=0 started on v22.22.0
ok   v22.22.0 sh -c 22.5-branch start | exit=0 started on v22.22.0
ok   v22.22.0 npm run start | exit=0 started on v22.22.0
start line taken from the spec: node scripts/check-node.cjs && node --disable-warning=ExperimentalWarning src/index.js
failures: 0
