$ npm test
# cwd: .
# exit: 0

> notes-vault@0.1.0 test
> node --test

TAP version 13
# Subtest: a user creates, lists, reads and deletes their own note
ok 1 - a user creates, lists, reads and deletes their own note
  ---
  duration_ms: 79.961693
  type: 'test'
  ...
# Subtest: requests without X-User are rejected
ok 2 - requests without X-User are rejected
  ---
  duration_ms: 8.213683
  type: 'test'
  ...
1..2
# tests 2
# suites 0
# pass 2
# fail 0
# cancelled 0
# skipped 0
# todo 0
# duration_ms 216.381998

[stderr]
npm notice
npm notice New major version of npm available! 10.9.4 -> 12.2.0
npm notice Changelog: https://github.com/npm/cli/releases/tag/v12.2.0
npm notice To update run: npm install -g npm@12.2.0
npm notice
